Archive member included to satisfy reference by file (symbol)

lib/lcd/liblcd.a(lcd.c.o)     CMakeFiles/main_gearbox_t_demo.dir/gauge.c.o (lcd_set_brightness)
lib/QMI8658/libQMI8658.a(QMI8658.c.o)
                              CMakeFiles/main_gearbox_t_demo.dir/main.c.o (QMI8658_init)
/Applications/ARM/bin/../lib/gcc/arm-none-eabi/10.3.1/thumb/v6-m/nofp/libgcc.a(_dvmd_tls.o)
                              CMakeFiles/main_gearbox_t_demo.dir/Users/hfritsch/sdk/pico-sdk/src/rp2_common/pico_divider/divider_hardware.S.o (__aeabi_idiv0)
/Applications/ARM/bin/../lib/gcc/arm-none-eabi/10.3.1/../../../../arm-none-eabi/lib/thumb/v6-m/nofp/libg.a(lib_a-calloc.o)
                              CMakeFiles/main_gearbox_t_demo.dir/Users/hfritsch/sdk/pico-sdk/src/rp2_common/pico_malloc/malloc.c.o (calloc)
/Applications/ARM/bin/../lib/gcc/arm-none-eabi/10.3.1/../../../../arm-none-eabi/lib/thumb/v6-m/nofp/libg.a(lib_a-callocr.o)
                              /Applications/ARM/bin/../lib/gcc/arm-none-eabi/10.3.1/../../../../arm-none-eabi/lib/thumb/v6-m/nofp/libg.a(lib_a-calloc.o) (_calloc_r)
/Applications/ARM/bin/../lib/gcc/arm-none-eabi/10.3.1/../../../../arm-none-eabi/lib/thumb/v6-m/nofp/libg.a(lib_a-errno.o)
                              /Applications/ARM/bin/../lib/gcc/arm-none-eabi/10.3.1/../../../../arm-none-eabi/lib/thumb/v6-m/nofp/libg.a(lib_a-callocr.o) (__errno)
/Applications/ARM/bin/../lib/gcc/arm-none-eabi/10.3.1/../../../../arm-none-eabi/lib/thumb/v6-m/nofp/libg.a(lib_a-impure.o)
                              /Applications/ARM/bin/../lib/gcc/arm-none-eabi/10.3.1/../../../../arm-none-eabi/lib/thumb/v6-m/nofp/libg.a(lib_a-calloc.o) (_impure_ptr)
/Applications/ARM/bin/../lib/gcc/arm-none-eabi/10.3.1/../../../../arm-none-eabi/lib/thumb/v6-m/nofp/libg.a(lib_a-init.o)
                              /Applications/ARM/bin/../lib/gcc/arm-none-eabi/10.3.1/../../../../arm-none-eabi/lib/thumb/v6-m/nofp/crt0.o (__libc_init_array)
/Applications/ARM/bin/../lib/gcc/arm-none-eabi/10.3.1/../../../../arm-none-eabi/lib/thumb/v6-m/nofp/libg.a(lib_a-lcltime_r.o)
                              CMakeFiles/main_gearbox_t_demo.dir/Users/hfritsch/sdk/pico-sdk/src/common/pico_util/datetime.c.o (localtime_r)
/Applications/ARM/bin/../lib/gcc/arm-none-eabi/10.3.1/../../../../arm-none-eabi/lib/thumb/v6-m/nofp/libg.a(lib_a-malloc.o)
                              CMakeFiles/main_gearbox_t_demo.dir/Users/hfritsch/sdk/pico-sdk/src/rp2_common/pico_malloc/malloc.c.o (malloc)
/Applications/ARM/bin/../lib/gcc/arm-none-eabi/10.3.1/../../../../arm-none-eabi/lib/thumb/v6-m/nofp/libg.a(lib_a-mallocr.o)
                              /Applications/ARM/bin/../lib/gcc/arm-none-eabi/10.3.1/../../../../arm-none-eabi/lib/thumb/v6-m/nofp/libg.a(lib_a-callocr.o) (_malloc_r)
/Applications/ARM/bin/../lib/gcc/arm-none-eabi/10.3.1/../../../../arm-none-eabi/lib/thumb/v6-m/nofp/libg.a(lib_a-memcmp.o)
                              CMakeFiles/main_gearbox_t_demo.dir/Users/hfritsch/sdk/pico-sdk/src/rp2_common/pico_atomic/atomic.c.o (memcmp)
/Applications/ARM/bin/../lib/gcc/arm-none-eabi/10.3.1/../../../../arm-none-eabi/lib/thumb/v6-m/nofp/libg.a(lib_a-mktime.o)
                              CMakeFiles/main_gearbox_t_demo.dir/Users/hfritsch/sdk/pico-sdk/src/common/pico_util/datetime.c.o (mktime)
/Applications/ARM/bin/../lib/gcc/arm-none-eabi/10.3.1/../../../../arm-none-eabi/lib/thumb/v6-m/nofp/libg.a(lib_a-mlock.o)
                              /Applications/ARM/bin/../lib/gcc/arm-none-eabi/10.3.1/../../../../arm-none-eabi/lib/thumb/v6-m/nofp/libg.a(lib_a-mallocr.o) (__malloc_lock)
/Applications/ARM/bin/../lib/gcc/arm-none-eabi/10.3.1/../../../../arm-none-eabi/lib/thumb/v6-m/nofp/libg.a(lib_a-month_lengths.o)
                              /Applications/ARM/bin/../lib/gcc/arm-none-eabi/10.3.1/../../../../arm-none-eabi/lib/thumb/v6-m/nofp/libg.a(lib_a-lcltime_r.o) (__month_lengths)
/Applications/ARM/bin/../lib/gcc/arm-none-eabi/10.3.1/../../../../arm-none-eabi/lib/thumb/v6-m/nofp/libg.a(lib_a-realloc.o)
                              CMakeFiles/main_gearbox_t_demo.dir/Users/hfritsch/sdk/pico-sdk/src/rp2_common/pico_malloc/malloc.c.o (realloc)
/Applications/ARM/bin/../lib/gcc/arm-none-eabi/10.3.1/../../../../arm-none-eabi/lib/thumb/v6-m/nofp/libg.a(lib_a-reallocr.o)
                              /Applications/ARM/bin/../lib/gcc/arm-none-eabi/10.3.1/../../../../arm-none-eabi/lib/thumb/v6-m/nofp/libg.a(lib_a-realloc.o) (_realloc_r)
/Applications/ARM/bin/../lib/gcc/arm-none-eabi/10.3.1/../../../../arm-none-eabi/lib/thumb/v6-m/nofp/libg.a(lib_a-sbrkr.o)
                              /Applications/ARM/bin/../lib/gcc/arm-none-eabi/10.3.1/../../../../arm-none-eabi/lib/thumb/v6-m/nofp/libg.a(lib_a-mallocr.o) (_sbrk_r)
/Applications/ARM/bin/../lib/gcc/arm-none-eabi/10.3.1/../../../../arm-none-eabi/lib/thumb/v6-m/nofp/libg.a(lib_a-strlen-stub.o)
                              CMakeFiles/main_gearbox_t_demo.dir/Users/hfritsch/sdk/pico-sdk/src/rp2_common/pico_stdio/stdio.c.o (strlen)
[...]
Memory Configuration

Name             Origin             Length             Attributes
FLASH            0x0000000010000000 0x0000000000200000 xr
RAM              0x0000000020000000 0x0000000000040000 xrw
SCRATCH_X        0x0000000020040000 0x0000000000001000 xrw
SCRATCH_Y        0x0000000020041000 0x0000000000001000 xrw
*default*        0x0000000000000000 0xffffffffffffffff

Linker script and memory map

LOAD /Applications/ARM/bin/../lib/gcc/arm-none-eabi/10.3.1/thumb/v6-m/nofp/crti.o
LOAD /Applications/ARM/bin/../lib/gcc/arm-none-eabi/10.3.1/thumb/v6-m/nofp/crtbegin.o
LOAD /Applications/ARM/bin/../lib/gcc/arm-none-eabi/10.3.1/../../../../arm-none-eabi/lib/thumb/v6-m/nofp/crt0.o

.flash_begin    0x0000000010000000        0x0
                0x0000000010000000                __flash_binary_start = .

.boot2          0x0000000010000000      0x100
                0x0000000010000000                __boot2_start__ = .
 *(.boot2)
 .boot2         0x0000000010000000      0x100 pico-sdk/src/rp2040/boot_stage2/CMakeFiles/bs2_default_library.dir/bs2_default_padded_checksummed.S.o
                0x0000000010000100                __boot2_end__ = .
                0x0000000000000001                ASSERT (((__boot2_end__ - __boot2_start__) == 0x100), ERROR: Pico second stage bootloader must be 256 bytes in size)

.text           0x0000000010000100     0xc3c8
                0x0000000010000100                __logical_binary_start = .
 *(.vectors)
 .vectors       0x0000000010000100       0xd4 CMakeFiles/main_gearbox_t_demo.dir/Users/hfritsch/sdk/pico-sdk/src/rp2_common/pico_crt0/crt0.S.o
                0x0000000010000100                __VECTOR_TABLE
                0x0000000010000100                __vectors
                0x00000000100001c0                isr_irq13
                0x00000000100001c0                isr_irq27
                0x00000000100001c0                isr_irq31
                0x00000000100001c0                isr_irq5
                0x00000000100001c0                isr_irq11
                0x00000000100001c0                isr_irq23
                0x00000000100001c0                isr_irq18
                0x00000000100001c0                isr_irq9
                0x00000000100001c0                __unhandled_user_irq
                0x00000000100001c0                isr_irq25
                0x00000000100001c0                isr_irq4
                0x00000000100001c0                isr_irq16
                0x00000000100001c0                isr_irq29
                0x00000000100001c0                isr_irq26
                0x00000000100001c0                isr_irq3
                0x00000000100001c0                isr_irq12
                0x00000000100001c0                isr_irq30
                0x00000000100001c0                isr_irq28
                0x00000000100001c0                isr_irq19
                0x00000000100001c0                isr_irq0
                0x00000000100001c0                isr_irq6
                0x00000000100001c0                isr_irq22
                0x00000000100001c0                isr_irq17
                0x00000000100001c0                isr_irq14
                0x00000000100001c0                __vectors_end
                0x00000000100001c0                __default_isrs_start
                0x00000000100001c0                isr_irq2
                0x00000000100001c0                isr_irq10
                0x00000000100001c0                isr_irq8
                0x00000000100001c0                isr_irq24
                0x00000000100001c0                isr_irq1
                0x00000000100001c0                isr_irq7
                0x00000000100001c0                isr_irq21
                0x00000000100001c0                isr_irq20
                0x00000000100001c0                isr_irq15
                0x00000000100001c6                unhandled_user_irq_num_in_r0
                0x00000000100001c8                isr_invalid
                0x00000000100001ca                isr_nmi
                0x00000000100001cc                isr_hardfault
                0x00000000100001ce                isr_svcall
                0x00000000100001d0                isr_pendsv
                0x00000000100001d2                isr_systick
                0x00000000100001d4                __default_isrs_end
 *(.binary_info_header)
 .binary_info_header
                0x00000000100001d4       0x14 CMakeFiles/main_gearbox_t_demo.dir/Users/hfritsch/sdk/pico-sdk/src/rp2_common/pico_crt0/crt0.S.o
                0x00000000100001e8                __binary_info_header_end = .
 *(.embedded_block)
                0x00000000100001e8                __embedded_block_end = .
 *(.reset)
 .reset         0x00000000100001e8       0x9c CMakeFiles/main_gearbox_t_demo.dir/Users/hfritsch/sdk/pico-sdk/src/rp2_common/pico_crt0/crt0.S.o
                0x00000000100001e8                _entry_point
 *(.init)
 .init          0x0000000010000284        0x4 /Applications/ARM/bin/../lib/gcc/arm-none-eabi/10.3.1/thumb/v6-m/nofp/crti.o
                0x0000000010000284                _init
 *(EXCLUDE_FILE(*libm.a: *libc.a:*lib_a-mem*.o *libgcc.a:) .text*)
 .text          0x0000000010000288       0x48 /Applications/ARM/bin/../lib/gcc/arm-none-eabi/10.3.1/thumb/v6-m/nofp/crtbegin.o
 .text.startup.main
                0x00000000100002d0      0x124 CMakeFiles/main_gearbox_t_demo.dir/main.c.o
                0x00000000100002d0                main
 .text.gpio_callback
                0x00000000100003f4        0x4 CMakeFiles/main_gearbox_t_demo.dir/board.c.o
 .text.board_init_gpio
                0x00000000100003f8       0x84 CMakeFiles/main_gearbox_t_demo.dir/board.c.o
                0x00000000100003f8                board_init_gpio
 .text.board_i2c_scan
                0x000000001000047c       0xc0 CMakeFiles/main_gearbox_t_demo.dir/board.c.o
                0x000000001000047c                board_i2c_scan
 .text.board_init_module_inputs
                0x000000001000053c       0x4c CMakeFiles/main_gearbox_t_demo.dir/board.c.o
                0x000000001000053c                board_init_module_inputs
 .text.draw_needle
                0x0000000010000588      0x17c CMakeFiles/main_gearbox_t_demo.dir/gauge.c.o
 .text.draw_background
                0x0000000010000704       0x30 CMakeFiles/main_gearbox_t_demo.dir/gauge.c.o
 .text.gauge_init_display
                0x0000000010000734       0x34 CMakeFiles/main_gearbox_t_demo.dir/gauge.c.o
                0x0000000010000734                gauge_init_display
 .text.gauge_init_widgets
                0x0000000010000768       0x28 CMakeFiles/main_gearbox_t_demo.dir/gauge.c.o
                0x0000000010000768                gauge_init_widgets
 .text.gauge_set_value
                0x0000000010000790       0x3c CMakeFiles/main_gearbox_t_demo.dir/gauge.c.o
                0x0000000010000790                gauge_set_value
 .text.gauge_set_light
                0x00000000100007cc       0x1c CMakeFiles/main_gearbox_t_demo.dir/gauge.c.o
                0x00000000100007cc                gauge_set_light
 .text.gauge_draw
                0x00000000100007e8       0x38 CMakeFiles/main_gearbox_t_demo.dir/gauge.c.o
                0x00000000100007e8                gauge_draw
 .text.sensors_init
                0x0000000010000820       0x58 CMakeFiles/main_gearbox_t_demo.dir/sensors.c.o
                0x0000000010000820                sensors_init
 .text.sensors_update
                0x0000000010000878      0x11c CMakeFiles/main_gearbox_t_demo.dir/sensors.c.o
                0x0000000010000878                sensors_update
 .text.draw_line
                0x0000000010000994       0x24 CMakeFiles/main_gearbox_t_demo.dir/lib/draw.c.o
                0x0000000010000994                draw_line
 .text.wadd.part.0
                0x00000000100009b8       0xe8 CMakeFiles/main_gearbox_t_demo.dir/w.c.o
 .text.init_root
                0x0000000010000aa0       0x30 CMakeFiles/main_gearbox_t_demo.dir/w.c.o
                0x0000000010000aa0                init_root
 .text.wadd_none
                0x0000000010000ad0       0x3c CMakeFiles/main_gearbox_t_demo.dir/w.c.o
                0x0000000010000ad0                wadd_none
 .text.wspinner_draw
                0x0000000010000b0c      0x444 CMakeFiles/main_gearbox_t_demo.dir/w.c.o
                0x0000000010000b0c                wspinner_draw
 .text.wspinner_draw_h
                0x0000000010000f50      0x490 CMakeFiles/main_gearbox_t_demo.dir/w.c.o
                0x0000000010000f50                wspinner_draw_h
 .text.wdraw    0x00000000100013e0      0x2cc CMakeFiles/main_gearbox_t_demo.dir/w.c.o
                0x00000000100013e0                wdraw
 .text.CST816S_Set_Mode
                0x00000000100016ac       0x6c CMakeFiles/main_gearbox_t_demo.dir/CST816S.c.o
                0x00000000100016ac                CST816S_Set_Mode
 .text.CST816S_init
                0x0000000010001718       0xe4 CMakeFiles/main_gearbox_t_demo.dir/CST816S.c.o
                0x0000000010001718                CST816S_init
 .text.demo_value
                0x00000000100017fc       0xa4 CMakeFiles/main_gearbox_t_demo.dir/demo.c.o
                0x00000000100017fc                demo_value
 .text.gpio_default_irq_handler
                0x00000000100018a0      0x270 CMakeFiles/main_gearbox_t_demo.dir/Users/hfritsch/sdk/pico-sdk/src/rp2_common/hardware_gpio/gpio.c.o
 .text.gpio_set_function
                0x0000000010001b10       0x34 CMakeFiles/main_gearbox_t_demo.dir/Users/hfritsch/sdk/pico-sdk/src/rp2_common/hardware_gpio/gpio.c.o
                0x0000000010001b10                gpio_set_function
 .text.gpio_set_pulls
                0x0000000010001b44       0x34 CMakeFiles/main_gearbox_t_demo.dir/Users/hfritsch/sdk/pico-sdk/src/rp2_common/hardware_gpio/gpio.c.o
                0x0000000010001b44                gpio_set_pulls
 .text.gpio_set_irq_enabled
                0x0000000010001b78       0x58 CMakeFiles/main_gearbox_t_demo.dir/Users/hfritsch/sdk/pico-sdk/src/rp2_common/hardware_gpio/gpio.c.o
                0x0000000010001b78                gpio_set_irq_enabled
 .text.gpio_set_irq_enabled_with_callback
                0x0000000010001bd0       0xd0 CMakeFiles/main_gearbox_t_demo.dir/Users/hfritsch/sdk/pico-sdk/src/rp2_common/hardware_gpio/gpio.c.o
                0x0000000010001bd0                gpio_set_irq_enabled_with_callback
 .text.gpio_set_input_enabled
                0x0000000010001ca0       0x28 CMakeFiles/main_gearbox_t_demo.dir/Users/hfritsch/sdk/pico-sdk/src/rp2_common/hardware_gpio/gpio.c.o
                0x0000000010001ca0                gpio_set_input_enabled
 .text.gpio_init
                0x0000000010001cc8       0x40 CMakeFiles/main_gearbox_t_demo.dir/Users/hfritsch/sdk/pico-sdk/src/rp2_common/hardware_gpio/gpio.c.o
                0x0000000010001cc8                gpio_init
 .text.rp2040_chip_version
                0x0000000010001d08        0xc CMakeFiles/main_gearbox_t_demo.dir/Users/hfritsch/sdk/pico-sdk/src/rp2040/pico_platform/platform.c.o
                0x0000000010001d08                rp2040_chip_version
 .text.panic    0x0000000010001d14       0x30 CMakeFiles/main_gearbox_t_demo.dir/Users/hfritsch/sdk/pico-sdk/src/rp2_common/pico_platform_panic/panic.c.o
                0x0000000010001d14                panic
 .text.hw_claim_or_assert
                0x0000000010001d44       0x44 CMakeFiles/main_gearbox_t_demo.dir/Users/hfritsch/sdk/pico-sdk/src/common/hardware_claim/claim.c.o
                0x0000000010001d44                hw_claim_or_assert
 .text.hw_claim_unused_from_range
                0x0000000010001d88       0x9c CMakeFiles/main_gearbox_t_demo.dir/Users/hfritsch/sdk/pico-sdk/src/common/hardware_claim/claim.c.o
                0x0000000010001d88                hw_claim_unused_from_range
 .text.hw_claim_clear
                0x0000000010001e24       0x38 CMakeFiles/main_gearbox_t_demo.dir/Users/hfritsch/sdk/pico-sdk/src/common/hardware_claim/claim.c.o
                0x0000000010001e24                hw_claim_clear
 .text.next_striped_spin_lock_num
                0x0000000010001e5c       0x18 CMakeFiles/main_gearbox_t_demo.dir/Users/hfritsch/sdk/pico-sdk/src/rp2_common/hardware_sync/sync.c.o
                0x0000000010001e5c                next_striped_spin_lock_num
 .text.spin_lock_claim_unused
                0x0000000010001e74       0x20 CMakeFiles/main_gearbox_t_demo.dir/Users/hfritsch/sdk/pico-sdk/src/rp2_common/hardware_sync/sync.c.o
                0x0000000010001e74                spin_lock_claim_unused
 .text.spin_locks_reset
                0x0000000010001e94       0x1c CMakeFiles/main_gearbox_t_demo.dir/Users/hfritsch/sdk/pico-sdk/src/rp2_common/hardware_sync_spin_lock/sync_spin_lock.c.o
                0x0000000010001e94                spin_locks_reset
 .text.runtime_init_per_core_irq_priorities
                0x0000000010001eb0       0x24 CMakeFiles/main_gearbox_t_demo.dir/Users/hfritsch/sdk/pico-sdk/src/rp2_common/hardware_irq/irq.c.o
                0x0000000010001eb0                runtime_init_per_core_irq_priorities
 .text.irq_set_enabled
                0x0000000010001ed4       0x24 CMakeFiles/main_gearbox_t_demo.dir/Users/hfritsch/sdk/pico-sdk/src/rp2_common/hardware_irq/irq.c.o
                0x0000000010001ed4                irq_set_enabled
 .text.irq_is_enabled
                0x0000000010001ef8       0x18 CMakeFiles/main_gearbox_t_demo.dir/Users/hfritsch/sdk/pico-sdk/src/rp2_common/hardware_irq/irq.c.o
                0x0000000010001ef8                irq_is_enabled
 .text.irq_set_pending
                0x0000000010001f10       0x10 CMakeFiles/main_gearbox_t_demo.dir/Users/hfritsch/sdk/pico-sdk/src/rp2_common/hardware_irq/irq.c.o
                0x0000000010001f10                irq_set_pending
 .text.irq_has_shared_handler
                0x0000000010001f20       0x24 CMakeFiles/main_gearbox_t_demo.dir/Users/hfritsch/sdk/pico-sdk/src/rp2_common/hardware_irq/irq.c.o
                0x0000000010001f20                irq_has_shared_handler
 .text.irq_set_exclusive_handler
                0x0000000010001f44       0x54 CMakeFiles/main_gearbox_t_demo.dir/Users/hfritsch/sdk/pico-sdk/src/rp2_common/hardware_irq/irq.c.o
                0x0000000010001f44                irq_set_exclusive_handler
 .text.irq_add_shared_handler
                0x0000000010001f98      0x1e8 CMakeFiles/main_gearbox_t_demo.dir/Users/hfritsch/sdk/pico-sdk/src/rp2_common/hardware_irq/irq.c.o
                0x0000000010001f98                irq_add_shared_handler
 .text.irq_remove_handler
                0x0000000010002180      0x1c4 CMakeFiles/main_gearbox_t_demo.dir/Users/hfritsch/sdk/pico-sdk/src/rp2_common/hardware_irq/irq.c.o
                0x0000000010002180                irq_remove_handler
 .text.irq_add_tail_to_free_list
                0x0000000010002344       0xb4 CMakeFiles/main_gearbox_t_demo.dir/Users/hfritsch/sdk/pico-sdk/src/rp2_common/hardware_irq/irq.c.o
                0x0000000010002344                irq_add_tail_to_free_list
 .text.user_irq_claim_unused
                0x00000000100023f8       0x28 CMakeFiles/main_gearbox_t_demo.dir/Users/hfritsch/sdk/pico-sdk/src/rp2_common/hardware_irq/irq.c.o
                0x00000000100023f8                user_irq_claim_unused
 .text.lock_init
                0x0000000010002420       0x10 CMakeFiles/main_gearbox_t_demo.dir/Users/hfritsch/sdk/pico-sdk/src/common/pico_sync/lock_core.c.o
                0x0000000010002420                lock_init
 .text.runtime_init_mutex
                0x0000000010002430       0x58 CMakeFiles/main_gearbox_t_demo.dir/Users/hfritsch/sdk/pico-sdk/src/common/pico_sync/mutex.c.o
                0x0000000010002430                runtime_init_mutex
 .text.mutex_init
                0x0000000010002488       0x1c CMakeFiles/main_gearbox_t_demo.dir/Users/hfritsch/sdk/pico-sdk/src/common/pico_sync/mutex.c.o
                0x0000000010002488                mutex_init
 .text.critical_section_init
                0x00000000100024a4       0x20 CMakeFiles/main_gearbox_t_demo.dir/Users/hfritsch/sdk/pico-sdk/src/common/pico_sync/critical_section.c.o
                0x00000000100024a4                critical_section_init
 .text.critical_section_init_with_lock_num
                0x00000000100024c4       0x14 CMakeFiles/main_gearbox_t_demo.dir/Users/hfritsch/sdk/pico-sdk/src/common/pico_sync/critical_section.c.o
                0x00000000100024c4                critical_section_init_with_lock_num
 .text.sleep_until_callback
                0x00000000100024d8       0x30 CMakeFiles/main_gearbox_t_demo.dir/Users/hfritsch/sdk/pico-sdk/src/common/pico_time/time.c.o
 .text.alarm_pool_irq_handler
                0x0000000010002508      0x308 CMakeFiles/main_gearbox_t_demo.dir/Users/hfritsch/sdk/pico-sdk/src/common/pico_time/time.c.o
 .text.runtime_init_default_alarm_pool
                0x0000000010002810       0xdc CMakeFiles/main_gearbox_t_demo.dir/Users/hfritsch/sdk/pico-sdk/src/common/pico_time/time.c.o
                0x0000000010002810                runtime_init_default_alarm_pool
 .text.alarm_pool_get_default
                0x00000000100028ec        0x8 CMakeFiles/main_gearbox_t_demo.dir/Users/hfritsch/sdk/pico-sdk/src/common/pico_time/time.c.o
                0x00000000100028ec                alarm_pool_get_default
 .text.alarm_pool_add_alarm_at
                0x00000000100028f4       0xc8 CMakeFiles/main_gearbox_t_demo.dir/Users/hfritsch/sdk/pico-sdk/src/common/pico_time/time.c.o
                0x00000000100028f4                alarm_pool_add_alarm_at
 .text.alarm_pool_add_alarm_at_force_in_context
                0x00000000100029bc       0xb0 CMakeFiles/main_gearbox_t_demo.dir/Users/hfritsch/sdk/pico-sdk/src/common/pico_time/time.c.o
                0x00000000100029bc                alarm_pool_add_alarm_at_force_in_context
 .text.alarm_pool_cancel_alarm
                0x0000000010002a6c       0x7c CMakeFiles/main_gearbox_t_demo.dir/Users/hfritsch/sdk/pico-sdk/src/common/pico_time/time.c.o
                0x0000000010002a6c                alarm_pool_cancel_alarm
 .text.alarm_pool_core_num
                0x0000000010002ae8        0x4 CMakeFiles/main_gearbox_t_demo.dir/Users/hfritsch/sdk/pico-sdk/src/common/pico_time/time.c.o
                0x0000000010002ae8                alarm_pool_core_num
 .text.sleep_until
                0x0000000010002aec       0xd0 CMakeFiles/main_gearbox_t_demo.dir/Users/hfritsch/sdk/pico-sdk/src/common/pico_time/time.c.o
                0x0000000010002aec                sleep_until
 .text.sleep_ms
                0x0000000010002bbc       0x34 CMakeFiles/main_gearbox_t_demo.dir/Users/hfritsch/sdk/pico-sdk/src/common/pico_time/time.c.o
                0x0000000010002bbc                sleep_ms
 .text.best_effort_wfe_or_timeout
                0x0000000010002bf0       0xfc CMakeFiles/main_gearbox_t_demo.dir/Users/hfritsch/sdk/pico-sdk/src/common/pico_time/time.c.o
                0x0000000010002bf0                best_effort_wfe_or_timeout
 .text.timer_hardware_alarm_claim
                0x0000000010002cec       0x14 CMakeFiles/main_gearbox_t_demo.dir/Users/hfritsch/sdk/pico-sdk/src/rp2_common/hardware_timer/timer.c.o
                0x0000000010002cec                timer_hardware_alarm_claim
 .text.timer_time_us_64
                0x0000000010002d00       0x10 CMakeFiles/main_gearbox_t_demo.dir/Users/hfritsch/sdk/pico-sdk/src/rp2_common/hardware_timer/timer.c.o
                0x0000000010002d00                timer_time_us_64
 .text.time_us_64
                0x0000000010002d10       0x14 CMakeFiles/main_gearbox_t_demo.dir/Users/hfritsch/sdk/pico-sdk/src/rp2_common/hardware_timer/timer.c.o
                0x0000000010002d10                time_us_64
 .text.busy_wait_us
                0x0000000010002d24       0x54 CMakeFiles/main_gearbox_t_demo.dir/Users/hfritsch/sdk/pico-sdk/src/rp2_common/hardware_timer/timer.c.o
                0x0000000010002d24                busy_wait_us
 .text.busy_wait_until
                0x0000000010002d78       0x20 CMakeFiles/main_gearbox_t_demo.dir/Users/hfritsch/sdk/pico-sdk/src/rp2_common/hardware_timer/timer.c.o
                0x0000000010002d78                busy_wait_until
 .text.clock_configure_int_divider
                0x0000000010002d98       0xf4 CMakeFiles/main_gearbox_t_demo.dir/Users/hfritsch/sdk/pico-sdk/src/rp2_common/hardware_clocks/clocks.c.o
                0x0000000010002d98                clock_configure_int_divider
 .text.clock_configure_undivided
                0x0000000010002e8c       0xe8 CMakeFiles/main_gearbox_t_demo.dir/Users/hfritsch/sdk/pico-sdk/src/rp2_common/hardware_clocks/clocks.c.o
                0x0000000010002e8c                clock_configure_undivided
 .text.clock_get_hz
                0x0000000010002f74        0xc CMakeFiles/main_gearbox_t_demo.dir/Users/hfritsch/sdk/pico-sdk/src/rp2_common/hardware_clocks/clocks.c.o
                0x0000000010002f74                clock_get_hz
 .text.pll_init
                0x0000000010002f80       0xa0 CMakeFiles/main_gearbox_t_demo.dir/Users/hfritsch/sdk/pico-sdk/src/rp2_common/hardware_pll/pll.c.o
                0x0000000010002f80                pll_init
 .text.watchdog_reboot
                0x0000000010003020       0x98 CMakeFiles/main_gearbox_t_demo.dir/Users/hfritsch/sdk/pico-sdk/src/rp2_common/hardware_watchdog/watchdog.c.o
                0x0000000010003020                watchdog_reboot
 .text.tick_start
                0x00000000100030b8       0x10 CMakeFiles/main_gearbox_t_demo.dir/Users/hfritsch/sdk/pico-sdk/src/rp2_common/hardware_ticks/ticks.c.o
                0x00000000100030b8                tick_start
 .text.rom_func_lookup
                0x00000000100030c8       0x10 CMakeFiles/main_gearbox_t_demo.dir/Users/hfritsch/sdk/pico-sdk/src/rp2_common/pico_bootrom/bootrom.c.o
                0x00000000100030c8                rom_func_lookup
 .text.rom_data_lookup
                0x00000000100030d8       0x10 CMakeFiles/main_gearbox_t_demo.dir/Users/hfritsch/sdk/pico-sdk/src/rp2_common/pico_bootrom/bootrom.c.o
                0x00000000100030d8                rom_data_lookup
 .text.rom_funcs_lookup
                0x00000000100030e8       0x44 CMakeFiles/main_gearbox_t_demo.dir/Users/hfritsch/sdk/pico-sdk/src/rp2_common/pico_bootrom/bootrom.c.o
                0x00000000100030e8                rom_funcs_lookup
 .text.rom_reset_usb_boot_extra
                0x000000001000312c       0x28 CMakeFiles/main_gearbox_t_demo.dir/Users/hfritsch/sdk/pico-sdk/src/rp2_common/pico_bootrom/bootrom.c.o
                0x000000001000312c                rom_reset_usb_boot_extra
 .text.xosc_init
                0x0000000010003154       0x28 CMakeFiles/main_gearbox_t_demo.dir/Users/hfritsch/sdk/pico-sdk/src/rp2_common/hardware_xosc/xosc.c.o
                0x0000000010003154                xosc_init
 .text.first_per_core_initializer
                0x000000001000317c        0x4 CMakeFiles/main_gearbox_t_demo.dir/Users/hfritsch/sdk/pico-sdk/src/rp2_common/pico_runtime/runtime.c.o
 .text.hard_assertion_failure
                0x0000000010003180        0xc CMakeFiles/main_gearbox_t_demo.dir/Users/hfritsch/sdk/pico-sdk/src/rp2_common/pico_runtime/runtime.c.o
                0x0000000010003180                hard_assertion_failure
 .text.runtime_run_initializers
                0x000000001000318c       0x28 CMakeFiles/main_gearbox_t_demo.dir/Users/hfritsch/sdk/pico-sdk/src/rp2_common/pico_runtime/runtime.c.o
                0x000000001000318c                runtime_run_initializers
 .text.runtime_init_early_resets
                0x00000000100031b4       0x2c CMakeFiles/main_gearbox_t_demo.dir/Users/hfritsch/sdk/pico-sdk/src/rp2_common/pico_runtime_init/runtime_init.c.o
                0x00000000100031b4                runtime_init_early_resets
 .text.runtime_init_usb_power_down
                0x00000000100031e0       0x1c CMakeFiles/main_gearbox_t_demo.dir/Users/hfritsch/sdk/pico-sdk/src/rp2_common/pico_runtime_init/runtime_init.c.o
                0x00000000100031e0                runtime_init_usb_power_down
 .text.runtime_init_post_clock_resets
                0x00000000100031fc       0x20 CMakeFiles/main_gearbox_t_demo.dir/Users/hfritsch/sdk/pico-sdk/src/rp2_common/pico_runtime_init/runtime_init.c.o
                0x00000000100031fc                runtime_init_post_clock_resets
 .text.runtime_init_rp2040_gpio_ie_disable
                0x000000001000321c       0x14 CMakeFiles/main_gearbox_t_demo.dir/Users/hfritsch/sdk/pico-sdk/src/rp2_common/pico_runtime_init/runtime_init.c.o
                0x000000001000321c                runtime_init_rp2040_gpio_ie_disable
 .text.runtime_init_spin_locks_reset
                0x0000000010003230        0x8 CMakeFiles/main_gearbox_t_demo.dir/Users/hfritsch/sdk/pico-sdk/src/rp2_common/pico_runtime_init/runtime_init.c.o
                0x0000000010003230                runtime_init_spin_locks_reset
 .text.runtime_init_install_ram_vector_table
                0x0000000010003238       0xcc CMakeFiles/main_gearbox_t_demo.dir/Users/hfritsch/sdk/pico-sdk/src/rp2_common/pico_runtime_init/runtime_init.c.o
                0x0000000010003238                runtime_init_install_ram_vector_table
 .text.runtime_init_clocks
                0x0000000010003304       0xd8 CMakeFiles/main_gearbox_t_demo.dir/Users/hfritsch/sdk/pico-sdk/src/rp2_common/pico_runtime_init/runtime_init_clocks.c.o
                0x0000000010003304                runtime_init_clocks
 .text          0x00000000100033dc       0x10 CMakeFiles/main_gearbox_t_demo.dir/Users/hfritsch/sdk/pico-sdk/src/rp2_common/pico_bit_ops/bit_ops_aeabi.S.o
 .text.__wrap___aeabi_idiv
                0x00000000100033ec       0x50 CMakeFiles/main_gearbox_t_demo.dir/Users/hfritsch/sdk/pico-sdk/src/rp2_common/pico_divider/divider_hardware.S.o
                0x00000000100033ec                __wrap___aeabi_idivmod
                0x00000000100033ec                divmod_s32s32
                0x00000000100033ec                div_s32s32
                0x00000000100033ec                __wrap___aeabi_idiv
                0x00000000100033f4                divmod_s32s32_unsafe
                0x0000000010003420                divmod_s32s32_savestate
 .text.__wrap___aeabi_uidiv
                0x000000001000343c       0x4c CMakeFiles/main_gearbox_t_demo.dir/Users/hfritsch/sdk/pico-sdk/src/rp2_common/pico_divider/divider_hardware.S.o
                0x000000001000343c                __wrap___aeabi_uidiv
                0x000000001000343c                __wrap___aeabi_uidivmod
                0x000000001000343c                div_u32u32
                0x000000001000343c                divmod_u32u32
                0x0000000010003444                divmod_u32u32_unsafe
                0x000000001000346c                divmod_u32u32_savestate
 .text.__wrap___aeabi_ldiv
                0x0000000010003488      0x424 CMakeFiles/main_gearbox_t_demo.dir/Users/hfritsch/sdk/pico-sdk/src/rp2_common/pico_divider/divider_hardware.S.o
                0x0000000010003488                __wrap___aeabi_ldivmod
                0x0000000010003488                div_s64s64
                0x0000000010003488                divmod_s64s64
                0x00000000100034b8                divmod_u64u64
                0x00000000100034b8                div_u64u64
                0x00000000100034b8                __wrap___aeabi_uldivmod
                0x00000000100034c8                divmod_u64u64_savestate
                0x00000000100034e8                divmod_s64s64_unsafe
                0x0000000010003570                divmod_u64u64_unsafe
 .text.__wrap___aeabi_darithmetic
                0x00000000100038ac       0x80 CMakeFiles/main_gearbox_t_demo.dir/Users/hfritsch/sdk/pico-sdk/src/rp2_common/pico_double/double_aeabi_rp2040.S.o
                0x00000000100038ac                __wrap___aeabi_drsub
                0x00000000100038b2                __wrap___aeabi_dsub
                0x00000000100038c4                __wrap___aeabi_dadd
                0x00000000100038d6                __wrap___aeabi_ddiv
                0x0000000010003912                __wrap___aeabi_dmul
 .text.__wrap___aeabi_cdcmple
                0x000000001000392c       0x6c CMakeFiles/main_gearbox_t_demo.dir/Users/hfritsch/sdk/pico-sdk/src/rp2_common/pico_double/double_aeabi_rp2040.S.o
                0x000000001000392c                __wrap___aeabi_cdrcmple
                0x000000001000393c                __wrap___aeabi_cdcmple
                0x000000001000393c                __wrap___aeabi_cdcmpeq
 .text.__wrap___aeabi_dcmplt
                0x0000000010003998        0xc CMakeFiles/main_gearbox_t_demo.dir/Users/hfritsch/sdk/pico-sdk/src/rp2_common/pico_double/double_aeabi_rp2040.S.o
                0x0000000010003998                __wrap___aeabi_dcmplt
 .text.__wrap___aeabi_dcmple
                0x00000000100039a4       0x10 CMakeFiles/main_gearbox_t_demo.dir/Users/hfritsch/sdk/pico-sdk/src/rp2_common/pico_double/double_aeabi_rp2040.S.o
                0x00000000100039a4                __wrap___aeabi_dcmple
 .text.__wrap___aeabi_dcmpge
                0x00000000100039b4       0x10 CMakeFiles/main_gearbox_t_demo.dir/Users/hfritsch/sdk/pico-sdk/src/rp2_common/pico_double/double_aeabi_rp2040.S.o
                0x00000000100039b4                __wrap___aeabi_dcmpge
 .text.__wrap___aeabi_dcmpgt
                0x00000000100039c4        0xa CMakeFiles/main_gearbox_t_demo.dir/Users/hfritsch/sdk/pico-sdk/src/rp2_common/pico_double/double_aeabi_rp2040.S.o
                0x00000000100039c4                __wrap___aeabi_dcmpgt
 .text.__wrap___aeabi_dcmpun
                0x00000000100039ce       0x18 CMakeFiles/main_gearbox_t_demo.dir/Users/hfritsch/sdk/pico-sdk/src/rp2_common/pico_double/double_aeabi_rp2040.S.o
                0x00000000100039ce                __wrap___aeabi_dcmpun
 *fill*         0x00000000100039e6        0x2 
 .text.__wrap___aeabi_i2d
                0x00000000100039e8       0x38 CMakeFiles/main_gearbox_t_demo.dir/Users/hfritsch/sdk/pico-sdk/src/rp2_common/pico_double/double_aeabi_rp2040.S.o
                0x00000000100039e8                __wrap___aeabi_ui2d
                0x00000000100039e8                uint2double
                0x00000000100039f0                __wrap___aeabi_i2d
                0x00000000100039f0                int2double
 .text.__wrap___aeabi_d2iz
                0x0000000010003a20       0x48 CMakeFiles/main_gearbox_t_demo.dir/Users/hfritsch/sdk/pico-sdk/src/rp2_common/pico_double/double_aeabi_rp2040.S.o
                0x0000000010003a20                __wrap___aeabi_d2iz
                0x0000000010003a20                double2int_z
 .text.__wrap___aeabi_d2uiz
                0x0000000010003a68       0x18 CMakeFiles/main_gearbox_t_demo.dir/Users/hfritsch/sdk/pico-sdk/src/rp2_common/pico_double/double_aeabi_rp2040.S.o
                0x0000000010003a68                double2uint_z
                0x0000000010003a68                double2uint
                0x0000000010003a68                __wrap___aeabi_d2uiz
 .text.__wrap___aeabi_d2f
                0x0000000010003a80       0x18 CMakeFiles/main_gearbox_t_demo.dir/Users/hfritsch/sdk/pico-sdk/src/rp2_common/pico_double/double_aeabi_rp2040.S.o
                0x0000000010003a80                __wrap___aeabi_d2f
 .text.__aeabi_double_init
                0x0000000010003a98       0xa0 CMakeFiles/main_gearbox_t_demo.dir/Users/hfritsch/sdk/pico-sdk/src/rp2_common/pico_double/double_init_rom_rp2040.c.o
                0x0000000010003a98                __aeabi_double_init
 .text.double_table_shim_on_use_helper
                0x0000000010003b38       0x2c CMakeFiles/main_gearbox_t_demo.dir/Users/hfritsch/sdk/pico-sdk/src/rp2_common/pico_double/double_v1_rom_shim_rp2040.S.o
                0x0000000010003b38                double_table_shim_on_use_helper
 .text.__wrap___aeabi_dsub
                0x0000000010003b64       0x10 CMakeFiles/main_gearbox_t_demo.dir/Users/hfritsch/sdk/pico-sdk/src/rp2_common/pico_double/double_v1_rom_shim_rp2040.S.o
                0x0000000010003b64                drsub_shim
                0x0000000010003b6a                dsub_shim
 .text.dadd_shim
                0x0000000010003b74      0x15c CMakeFiles/main_gearbox_t_demo.dir/Users/hfritsch/sdk/pico-sdk/src/rp2_common/pico_double/double_v1_rom_shim_rp2040.S.o
                0x0000000010003b74                dadd_shim
 .text.dmul_shim
                0x0000000010003cd0      0x15c CMakeFiles/main_gearbox_t_demo.dir/Users/hfritsch/sdk/pico-sdk/src/rp2_common/pico_double/double_v1_rom_shim_rp2040.S.o
                0x0000000010003cd0                dmul_shim
 .text.ddiv_shim
                0x0000000010003e2c      0x1b0 CMakeFiles/main_gearbox_t_demo.dir/Users/hfritsch/sdk/pico-sdk/src/rp2_common/pico_double/double_v1_rom_shim_rp2040.S.o
                0x0000000010003e2c                ddiv_shim
 .text.double2uint_shim
                0x0000000010003fdc        0xe CMakeFiles/main_gearbox_t_demo.dir/Users/hfritsch/sdk/pico-sdk/src/rp2_common/pico_double/double_v1_rom_shim_rp2040.S.o
                0x0000000010003fdc                double2uint_shim
                0x0000000010003fde                double2ufix_shim
 *fill*         0x0000000010003fea        0x2 
 .text.double2uint64_shim
                0x0000000010003fec       0x70 CMakeFiles/main_gearbox_t_demo.dir/Users/hfritsch/sdk/pico-sdk/src/rp2_common/pico_double/double_v1_rom_shim_rp2040.S.o
                0x0000000010003fec                double2uint64_shim
                0x0000000010003fee                double2ufix64_shim
                0x000000001000400e                d2fix_a
 .text.double2float_shim
                0x000000001000405c       0x5c CMakeFiles/main_gearbox_t_demo.dir/Users/hfritsch/sdk/pico-sdk/src/rp2_common/pico_double/double_v1_rom_shim_rp2040.S.o
                0x000000001000405c                double2float_shim
 .text.dunpacks
                0x00000000100040b8       0x3c CMakeFiles/main_gearbox_t_demo.dir/Users/hfritsch/sdk/pico-sdk/src/rp2_common/pico_double/double_v1_rom_shim_rp2040.S.o
                0x00000000100040b8                dunpacks
 .text.__aeabi_lmul
                0x00000000100040f4       0x32 CMakeFiles/main_gearbox_t_demo.dir/Users/hfritsch/sdk/pico-sdk/src/rp2_common/pico_int64_ops/pico_int64_ops_aeabi.S.o
                0x00000000100040f4                __wrap___aeabi_lmul
 *fill*         0x0000000010004126        0x2 
 .text.__wrap___aeabi_farithmetic
                0x0000000010004128       0x48 CMakeFiles/main_gearbox_t_demo.dir/Users/hfritsch/sdk/pico-sdk/src/rp2_common/pico_float/float_aeabi_rp2040.S.o
                0x0000000010004128                __wrap___aeabi_frsub
                0x000000001000412e                __wrap___aeabi_fsub
                0x0000000010004134                __wrap___aeabi_fadd
                0x000000001000413a                __wrap___aeabi_fdiv
                0x0000000010004162                __wrap___aeabi_fmul
 .text.__wrap___aeabi_cfcmple
                0x0000000010004170       0x50 CMakeFiles/main_gearbox_t_demo.dir/Users/hfritsch/sdk/pico-sdk/src/rp2_common/pico_float/float_aeabi_rp2040.S.o
                0x0000000010004170                __wrap___aeabi_cfrcmple
                0x000000001000417c                __wrap___aeabi_cfcmpeq
                0x000000001000417c                __wrap___aeabi_cfcmple
 .text.__wrap___aeabi_fcmplt
                0x00000000100041c0        0xc CMakeFiles/main_gearbox_t_demo.dir/Users/hfritsch/sdk/pico-sdk/src/rp2_common/pico_float/float_aeabi_rp2040.S.o
                0x00000000100041c0                __wrap___aeabi_fcmplt
 .text.__wrap___aeabi_fcmpgt
                0x00000000100041cc        0xa CMakeFiles/main_gearbox_t_demo.dir/Users/hfritsch/sdk/pico-sdk/src/rp2_common/pico_float/float_aeabi_rp2040.S.o
                0x00000000100041cc                __wrap___aeabi_fcmpgt
 .text.__wrap___aeabi_ui2f
                0x00000000100041d6        0xa CMakeFiles/main_gearbox_t_demo.dir/Users/hfritsch/sdk/pico-sdk/src/rp2_common/pico_float/float_aeabi_rp2040.S.o
                0x00000000100041d6                uint2float
                0x00000000100041d6                __wrap___aeabi_ui2f
 .text.__wrap___aeabi_i2f
                0x00000000100041e0       0x44 CMakeFiles/main_gearbox_t_demo.dir/Users/hfritsch/sdk/pico-sdk/src/rp2_common/pico_float/float_aeabi_rp2040.S.o
                0x00000000100041e0                int2float
                0x00000000100041e0                __wrap___aeabi_i2f
 .text.__wrap___aeabi_f2iz
                0x0000000010004224       0x4e CMakeFiles/main_gearbox_t_demo.dir/Users/hfritsch/sdk/pico-sdk/src/rp2_common/pico_float/float_aeabi_rp2040.S.o
                0x0000000010004224                __wrap___aeabi_f2iz
                0x0000000010004224                float2int_z
 *fill*         0x0000000010004272        0x2 
 .text.float2int
                0x0000000010004274       0x14 CMakeFiles/main_gearbox_t_demo.dir/Users/hfritsch/sdk/pico-sdk/src/rp2_common/pico_float/float_aeabi_rp2040.S.o
                0x0000000010004274                float2int
 .text.__wrap___aeabi_f2uiz
                0x0000000010004288        0xc CMakeFiles/main_gearbox_t_demo.dir/Users/hfritsch/sdk/pico-sdk/src/rp2_common/pico_float/float_aeabi_rp2040.S.o
                0x0000000010004288                float2uint
                0x0000000010004288                float2uint_z
                0x0000000010004288                __wrap___aeabi_f2uiz
 .text.fix2float
                0x0000000010004294        0xc CMakeFiles/main_gearbox_t_demo.dir/Users/hfritsch/sdk/pico-sdk/src/rp2_common/pico_float/float_aeabi_rp2040.S.o
                0x0000000010004294                fix2float
 .text.__wrap___aeabi_f2d
                0x00000000100042a0       0x14 CMakeFiles/main_gearbox_t_demo.dir/Users/hfritsch/sdk/pico-sdk/src/rp2_common/pico_float/float_aeabi_rp2040.S.o
                0x00000000100042a0                __wrap___aeabi_f2d
 .text.__wrap_cosf
                0x00000000100042b4       0x24 CMakeFiles/main_gearbox_t_demo.dir/Users/hfritsch/sdk/pico-sdk/src/rp2_common/pico_float/float_aeabi_rp2040.S.o
                0x00000000100042b4                __wrap_cosf
 .text.__wrap_sinf
                0x00000000100042d8       0x24 CMakeFiles/main_gearbox_t_demo.dir/Users/hfritsch/sdk/pico-sdk/src/rp2_common/pico_float/float_aeabi_rp2040.S.o
                0x00000000100042d8                __wrap_sinf
 .text.__aeabi_float_init
                0x00000000100042fc       0x64 CMakeFiles/main_gearbox_t_demo.dir/Users/hfritsch/sdk/pico-sdk/src/rp2_common/pico_float/float_init_rom_rp2040.c.o
                0x00000000100042fc                __aeabi_float_init
 .text.__wrap_truncf
                0x0000000010004360       0x20 CMakeFiles/main_gearbox_t_demo.dir/Users/hfritsch/sdk/pico-sdk/src/rp2_common/pico_float/float_math.c.o
                0x0000000010004360                __wrap_truncf
 .text.__wrap_remquof
                0x0000000010004380      0x14c CMakeFiles/main_gearbox_t_demo.dir/Users/hfritsch/sdk/pico-sdk/src/rp2_common/pico_float/float_math.c.o
                0x0000000010004380                __wrap_remquof
 .text.__wrap_remainderf
                0x00000000100044cc        0xc CMakeFiles/main_gearbox_t_demo.dir/Users/hfritsch/sdk/pico-sdk/src/rp2_common/pico_float/float_math.c.o
                0x00000000100044cc                __wrap_remainderf
 .text.float_table_shim_on_use_helper
                0x00000000100044d8       0x2c CMakeFiles/main_gearbox_t_demo.dir/Users/hfritsch/sdk/pico-sdk/src/rp2_common/pico_float/float_v1_rom_shim_rp2040.S.o
                0x00000000100044d8                float_table_shim_on_use_helper
 .text.float232_shims
                0x0000000010004504       0x18 CMakeFiles/main_gearbox_t_demo.dir/Users/hfritsch/sdk/pico-sdk/src/rp2_common/pico_float/float_v1_rom_shim_rp2040.S.o
                0x0000000010004504                float2int_shim
                0x0000000010004506                float2fix_shim
 .text.float2double_shim
                0x000000001000451c       0x30 CMakeFiles/main_gearbox_t_demo.dir/Users/hfritsch/sdk/pico-sdk/src/rp2_common/pico_float/float_v1_rom_shim_rp2040.S.o
                0x000000001000451c                float2double_shim
 .text.__wrap_malloc
                0x000000001000454c       0x24 CMakeFiles/main_gearbox_t_demo.dir/Users/hfritsch/sdk/pico-sdk/src/rp2_common/pico_malloc/malloc.c.o
                0x000000001000454c                __wrap_malloc
 .text.__wrap_free
                0x0000000010004570        0x8 CMakeFiles/main_gearbox_t_demo.dir/Users/hfritsch/sdk/pico-sdk/src/rp2_common/pico_malloc/malloc.c.o
                0x0000000010004570                __wrap_free
 .text          0x0000000010004578       0x10 CMakeFiles/main_gearbox_t_demo.dir/Users/hfritsch/sdk/pico-sdk/src/rp2_common/pico_mem_ops/mem_ops_aeabi.S.o
                0x0000000010004578                __aeabi_mem_init
 .text.memset   0x0000000010004588        0xc CMakeFiles/main_gearbox_t_demo.dir/Users/hfritsch/sdk/pico-sdk/src/rp2_common/pico_mem_ops/mem_ops_aeabi.S.o
                0x0000000010004588                __wrap_memset
 .text.memcpy   0x0000000010004594        0xc CMakeFiles/main_gearbox_t_demo.dir/Users/hfritsch/sdk/pico-sdk/src/rp2_common/pico_mem_ops/mem_ops_aeabi.S.o
                0x0000000010004594                __wrap___aeabi_memcpy
                0x0000000010004594                __wrap_memcpy
 .text._out_buffer
                0x00000000100045a0        0x8 CMakeFiles/main_gearbox_t_demo.dir/Users/hfritsch/sdk/pico-sdk/src/rp2_common/pico_printf/printf.c.o
 .text._out_null
                0x00000000100045a8        0x4 CMakeFiles/main_gearbox_t_demo.dir/Users/hfritsch/sdk/pico-sdk/src/rp2_common/pico_printf/printf.c.o
 .text._out_rev
                0x00000000100045ac       0x9c CMakeFiles/main_gearbox_t_demo.dir/Users/hfritsch/sdk/pico-sdk/src/rp2_common/pico_printf/printf.c.o
 .text._ntoa_format
                0x0000000010004648      0x1cc CMakeFiles/main_gearbox_t_demo.dir/Users/hfritsch/sdk/pico-sdk/src/rp2_common/pico_printf/printf.c.o
 .text._out_char
                0x0000000010004814       0x10 CMakeFiles/main_gearbox_t_demo.dir/Users/hfritsch/sdk/pico-sdk/src/rp2_common/pico_printf/printf.c.o
 .text._out_fct
                0x0000000010004824       0x10 CMakeFiles/main_gearbox_t_demo.dir/Users/hfritsch/sdk/pico-sdk/src/rp2_common/pico_printf/printf.c.o
 .text._etoa    0x0000000010004834      0x44c CMakeFiles/main_gearbox_t_demo.dir/Users/hfritsch/sdk/pico-sdk/src/rp2_common/pico_printf/printf.c.o
 .text._ftoa    0x0000000010004c80      0x398 CMakeFiles/main_gearbox_t_demo.dir/Users/hfritsch/sdk/pico-sdk/src/rp2_common/pico_printf/printf.c.o
 .text._vsnprintf
                0x0000000010005018      0xb04 CMakeFiles/main_gearbox_t_demo.dir/Users/hfritsch/sdk/pico-sdk/src/rp2_common/pico_printf/printf.c.o
 .text.__wrap_sprintf
                0x0000000010005b1c       0x28 CMakeFiles/main_gearbox_t_demo.dir/Users/hfritsch/sdk/pico-sdk/src/rp2_common/pico_printf/printf.c.o
                0x0000000010005b1c                __wrap_sprintf
 .text.vfctprintf
                0x0000000010005b44       0x20 CMakeFiles/main_gearbox_t_demo.dir/Users/hfritsch/sdk/pico-sdk/src/rp2_common/pico_printf/printf.c.o
                0x0000000010005b44                vfctprintf
 .text.weak_raw_vprintf
                0x0000000010005b64       0x30 CMakeFiles/main_gearbox_t_demo.dir/Users/hfritsch/sdk/pico-sdk/src/rp2_common/pico_printf/printf.c.o
                0x0000000010005b64                weak_raw_vprintf
 .text._exit    0x0000000010005b94        0x4 CMakeFiles/main_gearbox_t_demo.dir/Users/hfritsch/sdk/pico-sdk/src/rp2_common/pico_clib_interface/newlib_interface.c.o
                0x0000000010005b94                _exit
 .text._sbrk    0x0000000010005b98       0x34 CMakeFiles/main_gearbox_t_demo.dir/Users/hfritsch/sdk/pico-sdk/src/rp2_common/pico_clib_interface/newlib_interface.c.o
                0x0000000010005b98                _sbrk
 .text.exit     0x0000000010005bcc        0x8 CMakeFiles/main_gearbox_t_demo.dir/Users/hfritsch/sdk/pico-sdk/src/rp2_common/pico_clib_interface/newlib_interface.c.o
                0x0000000010005bcc                exit
 .text.runtime_init
                0x0000000010005bd4       0x2c CMakeFiles/main_gearbox_t_demo.dir/Users/hfritsch/sdk/pico-sdk/src/rp2_common/pico_clib_interface/newlib_interface.c.o
                0x0000000010005bd4                runtime_init
 .text.stdio_out_chars_no_crlf
                0x0000000010005c00       0x10 CMakeFiles/main_gearbox_t_demo.dir/Users/hfritsch/sdk/pico-sdk/src/rp2_common/pico_stdio/stdio.c.o
 .text.stdio_out_chars_crlf
                0x0000000010005c10       0xb4 CMakeFiles/main_gearbox_t_demo.dir/Users/hfritsch/sdk/pico-sdk/src/rp2_common/pico_stdio/stdio.c.o
 .text.stdio_buffered_printer
                0x0000000010005cc4       0x64 CMakeFiles/main_gearbox_t_demo.dir/Users/hfritsch/sdk/pico-sdk/src/rp2_common/pico_stdio/stdio.c.o
 .text.stdio_put_string
                0x0000000010005d28      0x100 CMakeFiles/main_gearbox_t_demo.dir/Users/hfritsch/sdk/pico-sdk/src/rp2_common/pico_stdio/stdio.c.o
                0x0000000010005d28                stdio_put_string
 .text.stdio_set_driver_enabled
                0x0000000010005e28       0x30 CMakeFiles/main_gearbox_t_demo.dir/Users/hfritsch/sdk/pico-sdk/src/rp2_common/pico_stdio/stdio.c.o
                0x0000000010005e28                stdio_set_driver_enabled
 .text.stdio_init_all
                0x0000000010005e58        0x8 CMakeFiles/main_gearbox_t_demo.dir/Users/hfritsch/sdk/pico-sdk/src/rp2_common/pico_stdio/stdio.c.o
                0x0000000010005e58                stdio_init_all
 .text.__wrap_putchar
                0x0000000010005e60       0x98 CMakeFiles/main_gearbox_t_demo.dir/Users/hfritsch/sdk/pico-sdk/src/rp2_common/pico_stdio/stdio.c.o
                0x0000000010005e60                stdio_putchar
                0x0000000010005e60                __wrap_putchar
 .text.__wrap_puts
                0x0000000010005ef8       0x3c CMakeFiles/main_gearbox_t_demo.dir/Users/hfritsch/sdk/pico-sdk/src/rp2_common/pico_stdio/stdio.c.o
                0x0000000010005ef8                __wrap_puts
                0x0000000010005ef8                stdio_puts
 .text.__wrap_vprintf
                0x0000000010005f34       0xd8 CMakeFiles/main_gearbox_t_demo.dir/Users/hfritsch/sdk/pico-sdk/src/rp2_common/pico_stdio/stdio.c.o
                0x0000000010005f34                __wrap_vprintf
                0x0000000010005f34                stdio_vprintf
 .text.__wrap_printf
                0x000000001000600c       0x18 CMakeFiles/main_gearbox_t_demo.dir/Users/hfritsch/sdk/pico-sdk/src/rp2_common/pico_stdio/stdio.c.o
                0x000000001000600c                stdio_printf
                0x000000001000600c                __wrap_printf
 .text.resetd_init
                0x0000000010006024        0x4 CMakeFiles/main_gearbox_t_demo.dir/Users/hfritsch/sdk/pico-sdk/src/rp2_common/pico_stdio_usb/reset_interface.c.o
 .text.resetd_reset
                0x0000000010006028        0xc CMakeFiles/main_gearbox_t_demo.dir/Users/hfritsch/sdk/pico-sdk/src/rp2_common/pico_stdio_usb/reset_interface.c.o
 .text.resetd_open
                0x0000000010006034       0x28 CMakeFiles/main_gearbox_t_demo.dir/Users/hfritsch/sdk/pico-sdk/src/rp2_common/pico_stdio_usb/reset_interface.c.o
 .text.resetd_xfer_cb
                0x000000001000605c        0x4 CMakeFiles/main_gearbox_t_demo.dir/Users/hfritsch/sdk/pico-sdk/src/rp2_common/pico_stdio_usb/reset_interface.c.o
 .text.resetd_control_xfer_cb
                0x0000000010006060       0x60 CMakeFiles/main_gearbox_t_demo.dir/Users/hfritsch/sdk/pico-sdk/src/rp2_common/pico_stdio_usb/reset_interface.c.o
 .text.tud_descriptor_bos_cb
                0x00000000100060c0        0x8 CMakeFiles/main_gearbox_t_demo.dir/Users/hfritsch/sdk/pico-sdk/src/rp2_common/pico_stdio_usb/reset_interface.c.o
                0x00000000100060c0                tud_descriptor_bos_cb
 .text.tud_vendor_control_xfer_cb
                0x00000000100060c8       0x34 CMakeFiles/main_gearbox_t_demo.dir/Users/hfritsch/sdk/pico-sdk/src/rp2_common/pico_stdio_usb/reset_interface.c.o
                0x00000000100060c8                tud_vendor_control_xfer_cb
 .text.usbd_app_driver_get_cb
                0x00000000100060fc        0xc CMakeFiles/main_gearbox_t_demo.dir/Users/hfritsch/sdk/pico-sdk/src/rp2_common/pico_stdio_usb/reset_interface.c.o
                0x00000000100060fc                usbd_app_driver_get_cb
 .text.tud_cdc_line_coding_cb
                0x0000000010006108       0x2c CMakeFiles/main_gearbox_t_demo.dir/Users/hfritsch/sdk/pico-sdk/src/rp2_common/pico_stdio_usb/reset_interface.c.o
                0x0000000010006108                tud_cdc_line_coding_cb
 .text.stdio_usb_set_chars_available_callback
                0x0000000010006134       0x14 CMakeFiles/main_gearbox_t_demo.dir/Users/hfritsch/sdk/pico-sdk/src/rp2_common/pico_stdio_usb/stdio_usb.c.o
                0x0000000010006134                stdio_usb_set_chars_available_callback
 .text.usb_irq  0x0000000010006148       0x10 CMakeFiles/main_gearbox_t_demo.dir/Users/hfritsch/sdk/pico-sdk/src/rp2_common/pico_stdio_usb/stdio_usb.c.o
 .text.timer_task
                0x0000000010006158       0x64 CMakeFiles/main_gearbox_t_demo.dir/Users/hfritsch/sdk/pico-sdk/src/rp2_common/pico_stdio_usb/stdio_usb.c.o
 .text.stdio_usb_in_chars
                0x00000000100061bc       0x90 CMakeFiles/main_gearbox_t_demo.dir/Users/hfritsch/sdk/pico-sdk/src/rp2_common/pico_stdio_usb/stdio_usb.c.o
                0x00000000100061bc                stdio_usb_in_chars
 .text.stdio_usb_out_flush
                0x000000001000624c       0x50 CMakeFiles/main_gearbox_t_demo.dir/Users/hfritsch/sdk/pico-sdk/src/rp2_common/pico_stdio_usb/stdio_usb.c.o
 .text.stdio_usb_out_chars
                0x000000001000629c      0x100 CMakeFiles/main_gearbox_t_demo.dir/Users/hfritsch/sdk/pico-sdk/src/rp2_common/pico_stdio_usb/stdio_usb.c.o
 .text.low_priority_worker_irq
                0x000000001000639c       0xc8 CMakeFiles/main_gearbox_t_demo.dir/Users/hfritsch/sdk/pico-sdk/src/rp2_common/pico_stdio_usb/stdio_usb.c.o
 .text.stdio_usb_init
                0x0000000010006464       0xe8 CMakeFiles/main_gearbox_t_demo.dir/Users/hfritsch/sdk/pico-sdk/src/rp2_common/pico_stdio_usb/stdio_usb.c.o
                0x0000000010006464                stdio_usb_init
 .text.stdio_usb_connected
                0x000000001000654c        0xc CMakeFiles/main_gearbox_t_demo.dir/Users/hfritsch/sdk/pico-sdk/src/rp2_common/pico_stdio_usb/stdio_usb.c.o
                0x000000001000654c                stdio_usb_connected
 .text.tud_descriptor_device_cb
                0x0000000010006558        0x8 CMakeFiles/main_gearbox_t_demo.dir/Users/hfritsch/sdk/pico-sdk/src/rp2_common/pico_stdio_usb/stdio_usb_descriptors.c.o
                0x0000000010006558                tud_descriptor_device_cb
 .text.tud_descriptor_configuration_cb
                0x0000000010006560        0x8 CMakeFiles/main_gearbox_t_demo.dir/Users/hfritsch/sdk/pico-sdk/src/rp2_common/pico_stdio_usb/stdio_usb_descriptors.c.o
                0x0000000010006560                tud_descriptor_configuration_cb
 .text.tud_descriptor_string_cb
                0x0000000010006568       0x74 CMakeFiles/main_gearbox_t_demo.dir/Users/hfritsch/sdk/pico-sdk/src/rp2_common/pico_stdio_usb/stdio_usb_descriptors.c.o
                0x0000000010006568                tud_descriptor_string_cb
 .text.startup._retrieve_unique_id_on_boot
                0x00000000100065dc       0x10 CMakeFiles/main_gearbox_t_demo.dir/Users/hfritsch/sdk/pico-sdk/src/rp2_common/pico_unique_id/unique_id.c.o
 .text.pico_get_unique_board_id_string
                0x00000000100065ec      0x1a8 CMakeFiles/main_gearbox_t_demo.dir/Users/hfritsch/sdk/pico-sdk/src/rp2_common/pico_unique_id/unique_id.c.o
                0x00000000100065ec                pico_get_unique_board_id_string
 .text.flash_get_unique_id
                0x0000000010006794       0x40 CMakeFiles/main_gearbox_t_demo.dir/Users/hfritsch/sdk/pico-sdk/src/rp2_common/hardware_flash/flash.c.o
                0x0000000010006794                flash_get_unique_id
 .text.dcd_init
                0x00000000100067d4       0x90 CMakeFiles/main_gearbox_t_demo.dir/Users/hfritsch/sdk/pico-sdk/lib/tinyusb/src/portable/raspberrypi/rp2040/dcd_rp2040.c.o
                0x00000000100067d4                dcd_init
 .text.dcd_int_enable
                0x0000000010006864        0xc CMakeFiles/main_gearbox_t_demo.dir/Users/hfritsch/sdk/pico-sdk/lib/tinyusb/src/portable/raspberrypi/rp2040/dcd_rp2040.c.o
                0x0000000010006864                dcd_int_enable
 .text.dcd_set_address
                0x0000000010006870       0x14 CMakeFiles/main_gearbox_t_demo.dir/Users/hfritsch/sdk/pico-sdk/lib/tinyusb/src/portable/raspberrypi/rp2040/dcd_rp2040.c.o
                0x0000000010006870                dcd_set_address
 .text.dcd_sof_enable
                0x0000000010006884       0x1c CMakeFiles/main_gearbox_t_demo.dir/Users/hfritsch/sdk/pico-sdk/lib/tinyusb/src/portable/raspberrypi/rp2040/dcd_rp2040.c.o
                0x0000000010006884                dcd_sof_enable
 .text.dcd_edpt0_status_complete
                0x00000000100068a0       0x1c CMakeFiles/main_gearbox_t_demo.dir/Users/hfritsch/sdk/pico-sdk/lib/tinyusb/src/portable/raspberrypi/rp2040/dcd_rp2040.c.o
                0x00000000100068a0                dcd_edpt0_status_complete
 .text.dcd_edpt_open
                0x00000000100068bc      0x114 CMakeFiles/main_gearbox_t_demo.dir/Users/hfritsch/sdk/pico-sdk/lib/tinyusb/src/portable/raspberrypi/rp2040/dcd_rp2040.c.o
                0x00000000100068bc                dcd_edpt_open
 .text.dcd_edpt_close_all
                0x00000000100069d0        0x8 CMakeFiles/main_gearbox_t_demo.dir/Users/hfritsch/sdk/pico-sdk/lib/tinyusb/src/portable/raspberrypi/rp2040/dcd_rp2040.c.o
                0x00000000100069d0                dcd_edpt_close_all
 .text.dcd_edpt_xfer
                0x00000000100069d8       0x24 CMakeFiles/main_gearbox_t_demo.dir/Users/hfritsch/sdk/pico-sdk/lib/tinyusb/src/portable/raspberrypi/rp2040/dcd_rp2040.c.o
                0x00000000100069d8                dcd_edpt_xfer
 .text.dcd_edpt_stall
                0x00000000100069fc       0x38 CMakeFiles/main_gearbox_t_demo.dir/Users/hfritsch/sdk/pico-sdk/lib/tinyusb/src/portable/raspberrypi/rp2040/dcd_rp2040.c.o
                0x00000000100069fc                dcd_edpt_stall
 .text.dcd_edpt_clear_stall
                0x0000000010006a34       0x30 CMakeFiles/main_gearbox_t_demo.dir/Users/hfritsch/sdk/pico-sdk/lib/tinyusb/src/portable/raspberrypi/rp2040/dcd_rp2040.c.o
                0x0000000010006a34                dcd_edpt_clear_stall
 .text.rp2040_usb_init
                0x0000000010006a64       0x40 CMakeFiles/main_gearbox_t_demo.dir/Users/hfritsch/sdk/pico-sdk/lib/tinyusb/src/portable/raspberrypi/rp2040/rp2040_usb.c.o
                0x0000000010006a64                rp2040_usb_init
 .text.hw_endpoint_xfer_start
                0x0000000010006aa4       0x50 CMakeFiles/main_gearbox_t_demo.dir/Users/hfritsch/sdk/pico-sdk/lib/tinyusb/src/portable/raspberrypi/rp2040/rp2040_usb.c.o
                0x0000000010006aa4                hw_endpoint_xfer_start
 .text.tud_event_hook_cb
                0x0000000010006af4        0x4 CMakeFiles/main_gearbox_t_demo.dir/Users/hfritsch/sdk/pico-sdk/lib/tinyusb/src/device/usbd.c.o
                0x0000000010006af4                tud_event_hook_cb
 .text.tud_sof_cb
                0x0000000010006af8        0x4 CMakeFiles/main_gearbox_t_demo.dir/Users/hfritsch/sdk/pico-sdk/lib/tinyusb/src/device/usbd.c.o
                0x0000000010006af8                tud_sof_cb
 .text.tud_descriptor_device_qualifier_cb
                0x0000000010006afc        0x4 CMakeFiles/main_gearbox_t_demo.dir/Users/hfritsch/sdk/pico-sdk/lib/tinyusb/src/device/usbd.c.o
                0x0000000010006afc                tud_descriptor_device_qualifier_cb
 .text.tud_descriptor_other_speed_configuration_cb
                0x0000000010006b00        0x4 CMakeFiles/main_gearbox_t_demo.dir/Users/hfritsch/sdk/pico-sdk/lib/tinyusb/src/device/usbd.c.o
                0x0000000010006b00                tud_descriptor_other_speed_configuration_cb
 .text.tud_mount_cb
                0x0000000010006b04        0x4 CMakeFiles/main_gearbox_t_demo.dir/Users/hfritsch/sdk/pico-sdk/lib/tinyusb/src/device/usbd.c.o
                0x0000000010006b04                tud_mount_cb
 .text.tud_umount_cb
                0x0000000010006b08        0x4 CMakeFiles/main_gearbox_t_demo.dir/Users/hfritsch/sdk/pico-sdk/lib/tinyusb/src/device/usbd.c.o
                0x0000000010006b08                tud_umount_cb
 .text.tud_suspend_cb
                0x0000000010006b0c        0x4 CMakeFiles/main_gearbox_t_demo.dir/Users/hfritsch/sdk/pico-sdk/lib/tinyusb/src/device/usbd.c.o
                0x0000000010006b0c                tud_suspend_cb
 .text.tud_resume_cb
                0x0000000010006b10        0x4 CMakeFiles/main_gearbox_t_demo.dir/Users/hfritsch/sdk/pico-sdk/lib/tinyusb/src/device/usbd.c.o
                0x0000000010006b10                tud_resume_cb
 .text.tud_mounted
                0x0000000010006b14       0x10 CMakeFiles/main_gearbox_t_demo.dir/Users/hfritsch/sdk/pico-sdk/lib/tinyusb/src/device/usbd.c.o
                0x0000000010006b14                tud_mounted
 .text.tud_suspended
                0x0000000010006b24       0x10 CMakeFiles/main_gearbox_t_demo.dir/Users/hfritsch/sdk/pico-sdk/lib/tinyusb/src/device/usbd.c.o
                0x0000000010006b24                tud_suspended
 .text.tud_rhport_init
                0x0000000010006b34       0xf4 CMakeFiles/main_gearbox_t_demo.dir/Users/hfritsch/sdk/pico-sdk/lib/tinyusb/src/device/usbd.c.o
                0x0000000010006b34                tud_rhport_init
 .text.tud_task_ext
                0x0000000010006c28      0x800 CMakeFiles/main_gearbox_t_demo.dir/Users/hfritsch/sdk/pico-sdk/lib/tinyusb/src/device/usbd.c.o
                0x0000000010006c28                tud_task_ext
 .text.usbd_open_edpt_pair
                0x0000000010007428       0x9c CMakeFiles/main_gearbox_t_demo.dir/Users/hfritsch/sdk/pico-sdk/lib/tinyusb/src/device/usbd.c.o
                0x0000000010007428                usbd_open_edpt_pair
 .text.usbd_edpt_open
                0x00000000100074c4       0x34 CMakeFiles/main_gearbox_t_demo.dir/Users/hfritsch/sdk/pico-sdk/lib/tinyusb/src/device/usbd.c.o
                0x00000000100074c4                usbd_edpt_open
 .text.usbd_edpt_claim
                0x00000000100074f8       0x28 CMakeFiles/main_gearbox_t_demo.dir/Users/hfritsch/sdk/pico-sdk/lib/tinyusb/src/device/usbd.c.o
                0x00000000100074f8                usbd_edpt_claim
 .text.usbd_edpt_release
                0x0000000010007520       0x28 CMakeFiles/main_gearbox_t_demo.dir/Users/hfritsch/sdk/pico-sdk/lib/tinyusb/src/device/usbd.c.o
                0x0000000010007520                usbd_edpt_release
 .text.usbd_edpt_xfer
                0x0000000010007548       0x4c CMakeFiles/main_gearbox_t_demo.dir/Users/hfritsch/sdk/pico-sdk/lib/tinyusb/src/device/usbd.c.o
                0x0000000010007548                usbd_edpt_xfer
 .text.tud_control_status
                0x0000000010007594       0x30 CMakeFiles/main_gearbox_t_demo.dir/Users/hfritsch/sdk/pico-sdk/lib/tinyusb/src/device/usbd_control.c.o
                0x0000000010007594                tud_control_status
 .text.tud_control_xfer
                0x00000000100075c4       0xbc CMakeFiles/main_gearbox_t_demo.dir/Users/hfritsch/sdk/pico-sdk/lib/tinyusb/src/device/usbd_control.c.o
                0x00000000100075c4                tud_control_xfer
 .text.usbd_control_reset
                0x0000000010007680       0x14 CMakeFiles/main_gearbox_t_demo.dir/Users/hfritsch/sdk/pico-sdk/lib/tinyusb/src/device/usbd_control.c.o
                0x0000000010007680                usbd_control_reset
 .text.usbd_control_set_complete_callback
                0x0000000010007694        0xc CMakeFiles/main_gearbox_t_demo.dir/Users/hfritsch/sdk/pico-sdk/lib/tinyusb/src/device/usbd_control.c.o
                0x0000000010007694                usbd_control_set_complete_callback
 .text.usbd_control_set_request
                0x00000000100076a0       0x1c CMakeFiles/main_gearbox_t_demo.dir/Users/hfritsch/sdk/pico-sdk/lib/tinyusb/src/device/usbd_control.c.o
                0x00000000100076a0                usbd_control_set_request
 .text.usbd_control_xfer_cb
                0x00000000100076bc       0xf0 CMakeFiles/main_gearbox_t_demo.dir/Users/hfritsch/sdk/pico-sdk/lib/tinyusb/src/device/usbd_control.c.o
                0x00000000100076bc                usbd_control_xfer_cb
 .text._prep_out_transaction.isra.0
                0x00000000100077ac       0x6c CMakeFiles/main_gearbox_t_demo.dir/Users/hfritsch/sdk/pico-sdk/lib/tinyusb/src/class/cdc/cdc_device.c.o
 .text.tud_cdc_n_connected
                0x0000000010007818       0x2c CMakeFiles/main_gearbox_t_demo.dir/Users/hfritsch/sdk/pico-sdk/lib/tinyusb/src/class/cdc/cdc_device.c.o
                0x0000000010007818                tud_cdc_n_connected
 .text.tud_cdc_n_available
                0x0000000010007844       0x18 CMakeFiles/main_gearbox_t_demo.dir/Users/hfritsch/sdk/pico-sdk/lib/tinyusb/src/class/cdc/cdc_device.c.o
                0x0000000010007844                tud_cdc_n_available
 .text.tud_cdc_n_read
                0x000000001000785c       0x94 CMakeFiles/main_gearbox_t_demo.dir/Users/hfritsch/sdk/pico-sdk/lib/tinyusb/src/class/cdc/cdc_device.c.o
                0x000000001000785c                tud_cdc_n_read
 .text.tud_cdc_n_write_flush
                0x00000000100078f0       0x78 CMakeFiles/main_gearbox_t_demo.dir/Users/hfritsch/sdk/pico-sdk/lib/tinyusb/src/class/cdc/cdc_device.c.o
                0x00000000100078f0                tud_cdc_n_write_flush
 .text.tud_cdc_n_write
                0x0000000010007968       0x44 CMakeFiles/main_gearbox_t_demo.dir/Users/hfritsch/sdk/pico-sdk/lib/tinyusb/src/class/cdc/cdc_device.c.o
                0x0000000010007968                tud_cdc_n_write
 .text.tud_cdc_n_write_available
                0x00000000100079ac       0x18 CMakeFiles/main_gearbox_t_demo.dir/Users/hfritsch/sdk/pico-sdk/lib/tinyusb/src/class/cdc/cdc_device.c.o
                0x00000000100079ac                tud_cdc_n_write_available
 .text.cdcd_init
                0x00000000100079c4       0x70 CMakeFiles/main_gearbox_t_demo.dir/Users/hfritsch/sdk/pico-sdk/lib/tinyusb/src/class/cdc/cdc_device.c.o
                0x00000000100079c4                cdcd_init
 .text.cdcd_deinit
                0x0000000010007a34       0x24 CMakeFiles/main_gearbox_t_demo.dir/Users/hfritsch/sdk/pico-sdk/lib/tinyusb/src/class/cdc/cdc_device.c.o
                0x0000000010007a34                cdcd_deinit
 .text.cdcd_reset
                0x0000000010007a58       0x4c CMakeFiles/main_gearbox_t_demo.dir/Users/hfritsch/sdk/pico-sdk/lib/tinyusb/src/class/cdc/cdc_device.c.o
                0x0000000010007a58                cdcd_reset
 .text.cdcd_open
                0x0000000010007aa4       0xa8 CMakeFiles/main_gearbox_t_demo.dir/Users/hfritsch/sdk/pico-sdk/lib/tinyusb/src/class/cdc/cdc_device.c.o
                0x0000000010007aa4                cdcd_open
 .text.cdcd_control_xfer_cb
                0x0000000010007b4c       0xe8 CMakeFiles/main_gearbox_t_demo.dir/Users/hfritsch/sdk/pico-sdk/lib/tinyusb/src/class/cdc/cdc_device.c.o
                0x0000000010007b4c                cdcd_control_xfer_cb
 .text.cdcd_xfer_cb
                0x0000000010007c34       0xfc CMakeFiles/main_gearbox_t_demo.dir/Users/hfritsch/sdk/pico-sdk/lib/tinyusb/src/class/cdc/cdc_device.c.o
                0x0000000010007c34                cdcd_xfer_cb
 .text.vendord_init
                0x0000000010007d30       0x5c CMakeFiles/main_gearbox_t_demo.dir/Users/hfritsch/sdk/pico-sdk/lib/tinyusb/src/class/vendor/vendor_device.c.o
                0x0000000010007d30                vendord_init
 .text.vendord_deinit
                0x0000000010007d8c       0x1c CMakeFiles/main_gearbox_t_demo.dir/Users/hfritsch/sdk/pico-sdk/lib/tinyusb/src/class/vendor/vendor_device.c.o
                0x0000000010007d8c                vendord_deinit
 .text.vendord_reset
                0x0000000010007da8       0x28 CMakeFiles/main_gearbox_t_demo.dir/Users/hfritsch/sdk/pico-sdk/lib/tinyusb/src/class/vendor/vendor_device.c.o
                0x0000000010007da8                vendord_reset
 .text.vendord_open
                0x0000000010007dd0      0x128 CMakeFiles/main_gearbox_t_demo.dir/Users/hfritsch/sdk/pico-sdk/lib/tinyusb/src/class/vendor/vendor_device.c.o
                0x0000000010007dd0                vendord_open
 .text.vendord_xfer_cb
                0x0000000010007ef8       0x9c CMakeFiles/main_gearbox_t_demo.dir/Users/hfritsch/sdk/pico-sdk/lib/tinyusb/src/class/vendor/vendor_device.c.o
                0x0000000010007ef8                vendord_xfer_cb
 .text.tusb_rhport_init
                0x0000000010007f94       0x48 CMakeFiles/main_gearbox_t_demo.dir/Users/hfritsch/sdk/pico-sdk/lib/tinyusb/src/tusb.c.o
                0x0000000010007f94                tusb_rhport_init
 .text.tu_edpt_claim
                0x0000000010007fdc       0x50 CMakeFiles/main_gearbox_t_demo.dir/Users/hfritsch/sdk/pico-sdk/lib/tinyusb/src/tusb.c.o
                0x0000000010007fdc                tu_edpt_claim
 .text.tu_edpt_release
                0x000000001000802c       0x38 CMakeFiles/main_gearbox_t_demo.dir/Users/hfritsch/sdk/pico-sdk/lib/tinyusb/src/tusb.c.o
                0x000000001000802c                tu_edpt_release
 .text.tu_edpt_validate
                0x0000000010008064       0x78 CMakeFiles/main_gearbox_t_demo.dir/Users/hfritsch/sdk/pico-sdk/lib/tinyusb/src/tusb.c.o
                0x0000000010008064                tu_edpt_validate
 .text.tu_edpt_bind_driver
                0x00000000100080dc       0x34 CMakeFiles/main_gearbox_t_demo.dir/Users/hfritsch/sdk/pico-sdk/lib/tinyusb/src/tusb.c.o
                0x00000000100080dc                tu_edpt_bind_driver
 .text.tu_edpt_stream_init
                0x0000000010008110       0x6c CMakeFiles/main_gearbox_t_demo.dir/Users/hfritsch/sdk/pico-sdk/lib/tinyusb/src/tusb.c.o
                0x0000000010008110                tu_edpt_stream_init
 .text.tu_edpt_stream_deinit
                0x000000001000817c        0x4 CMakeFiles/main_gearbox_t_demo.dir/Users/hfritsch/sdk/pico-sdk/lib/tinyusb/src/tusb.c.o
                0x000000001000817c                tu_edpt_stream_deinit
 .text.tu_edpt_stream_write_zlp_if_needed
                0x0000000010008180       0x58 CMakeFiles/main_gearbox_t_demo.dir/Users/hfritsch/sdk/pico-sdk/lib/tinyusb/src/tusb.c.o
                0x0000000010008180                tu_edpt_stream_write_zlp_if_needed
 .text.tu_edpt_stream_write_xfer
                0x00000000100081d8       0x64 CMakeFiles/main_gearbox_t_demo.dir/Users/hfritsch/sdk/pico-sdk/lib/tinyusb/src/tusb.c.o
                0x00000000100081d8                tu_edpt_stream_write_xfer
 .text.tu_edpt_stream_read_xfer
                0x000000001000823c       0xdc CMakeFiles/main_gearbox_t_demo.dir/Users/hfritsch/sdk/pico-sdk/lib/tinyusb/src/tusb.c.o
                0x000000001000823c                tu_edpt_stream_read_xfer
 .text.tu_fifo_config
                0x0000000010008318       0x70 CMakeFiles/main_gearbox_t_demo.dir/Users/hfritsch/sdk/pico-sdk/lib/tinyusb/src/common/tusb_fifo.c.o
                0x0000000010008318                tu_fifo_config
 .text.tu_fifo_count
                0x0000000010008388       0x2c CMakeFiles/main_gearbox_t_demo.dir/Users/hfritsch/sdk/pico-sdk/lib/tinyusb/src/common/tusb_fifo.c.o
                0x0000000010008388                tu_fifo_count
 .text.tu_fifo_empty
                0x00000000100083b4       0x10 CMakeFiles/main_gearbox_t_demo.dir/Users/hfritsch/sdk/pico-sdk/lib/tinyusb/src/common/tusb_fifo.c.o
                0x00000000100083b4                tu_fifo_empty
 .text.tu_fifo_remaining
                0x00000000100083c4       0x2c CMakeFiles/main_gearbox_t_demo.dir/Users/hfritsch/sdk/pico-sdk/lib/tinyusb/src/common/tusb_fifo.c.o
                0x00000000100083c4                tu_fifo_remaining
 .text.tu_fifo_read
                0x00000000100083f0       0xa0 CMakeFiles/main_gearbox_t_demo.dir/Users/hfritsch/sdk/pico-sdk/lib/tinyusb/src/common/tusb_fifo.c.o
                0x00000000100083f0                tu_fifo_read
 .text.tu_fifo_read_n
                0x0000000010008490       0xec CMakeFiles/main_gearbox_t_demo.dir/Users/hfritsch/sdk/pico-sdk/lib/tinyusb/src/common/tusb_fifo.c.o
                0x0000000010008490                tu_fifo_read_n
 .text.tu_fifo_write
                0x000000001000857c       0x88 CMakeFiles/main_gearbox_t_demo.dir/Users/hfritsch/sdk/pico-sdk/lib/tinyusb/src/common/tusb_fifo.c.o
                0x000000001000857c                tu_fifo_write
 .text.tu_fifo_write_n
                0x0000000010008604      0x168 CMakeFiles/main_gearbox_t_demo.dir/Users/hfritsch/sdk/pico-sdk/lib/tinyusb/src/common/tusb_fifo.c.o
                0x0000000010008604                tu_fifo_write_n
 .text.tu_fifo_clear
                0x000000001000876c       0x40 CMakeFiles/main_gearbox_t_demo.dir/Users/hfritsch/sdk/pico-sdk/lib/tinyusb/src/common/tusb_fifo.c.o
                0x000000001000876c                tu_fifo_clear
 .text.tu_fifo_set_overwritable
                0x00000000100087ac       0x48 CMakeFiles/main_gearbox_t_demo.dir/Users/hfritsch/sdk/pico-sdk/lib/tinyusb/src/common/tusb_fifo.c.o
                0x00000000100087ac                tu_fifo_set_overwritable
 .text.dma_channel_unclaim
                0x00000000100087f4       0x10 CMakeFiles/main_gearbox_t_demo.dir/Users/hfritsch/sdk/pico-sdk/src/rp2_common/hardware_dma/dma.c.o
                0x00000000100087f4                dma_channel_unclaim
 .text.dma_claim_unused_channel
                0x0000000010008804       0x20 CMakeFiles/main_gearbox_t_demo.dir/Users/hfritsch/sdk/pico-sdk/src/rp2_common/hardware_dma/dma.c.o
                0x0000000010008804                dma_claim_unused_channel
 .text.spi_init
                0x0000000010008824      0x134 CMakeFiles/main_gearbox_t_demo.dir/Users/hfritsch/sdk/pico-sdk/src/rp2_common/hardware_spi/spi.c.o
                0x0000000010008824                spi_init
 .text.spi_get_baudrate
                0x0000000010008958       0x1c CMakeFiles/main_gearbox_t_demo.dir/Users/hfritsch/sdk/pico-sdk/src/rp2_common/hardware_spi/spi.c.o
                0x0000000010008958                spi_get_baudrate
 .text.i2c_read_blocking_internal.constprop.0
                0x0000000010008974       0xb4 CMakeFiles/main_gearbox_t_demo.dir/Users/hfritsch/sdk/pico-sdk/src/rp2_common/hardware_i2c/i2c.c.o
 .text.i2c_write_blocking_internal.constprop.0
                0x0000000010008a28       0xd0 CMakeFiles/main_gearbox_t_demo.dir/Users/hfritsch/sdk/pico-sdk/src/rp2_common/hardware_i2c/i2c.c.o
 .text.i2c_set_baudrate
                0x0000000010008af8       0xc0 CMakeFiles/main_gearbox_t_demo.dir/Users/hfritsch/sdk/pico-sdk/src/rp2_common/hardware_i2c/i2c.c.o
                0x0000000010008af8                i2c_set_baudrate
 .text.i2c_init
                0x0000000010008bb8       0x54 CMakeFiles/main_gearbox_t_demo.dir/Users/hfritsch/sdk/pico-sdk/src/rp2_common/hardware_i2c/i2c.c.o
                0x0000000010008bb8                i2c_init
 .text.i2c_write_blocking
                0x0000000010008c0c       0x14 CMakeFiles/main_gearbox_t_demo.dir/Users/hfritsch/sdk/pico-sdk/src/rp2_common/hardware_i2c/i2c.c.o
                0x0000000010008c0c                i2c_write_blocking
 .text.i2c_read_blocking
                0x0000000010008c20       0x14 CMakeFiles/main_gearbox_t_demo.dir/Users/hfritsch/sdk/pico-sdk/src/rp2_common/hardware_i2c/i2c.c.o
                0x0000000010008c20                i2c_read_blocking
 .text.adc_init
                0x0000000010008c34       0x38 CMakeFiles/main_gearbox_t_demo.dir/Users/hfritsch/sdk/pico-sdk/src/rp2_common/hardware_adc/adc.c.o
                0x0000000010008c34                adc_init
 .text.rtc_init
                0x0000000010008c6c       0x38 CMakeFiles/main_gearbox_t_demo.dir/Users/hfritsch/sdk/pico-sdk/src/rp2_common/hardware_rtc/rtc.c.o
                0x0000000010008c6c                rtc_init
 .text.startup.boot_double_tap_check
                0x0000000010008ca4       0x5c CMakeFiles/main_gearbox_t_demo.dir/Users/hfritsch/sdk/pico-sdk/src/rp2_common/pico_bootsel_via_double_reset/pico_bootsel_via_double_reset.c.o
 .text.lcd_string.constprop.0
                0x0000000010008d00      0x16c lib/lcd/liblcd.a(lcd.c.o)
 .text.lcd_module_init
                0x0000000010008e6c      0x114 lib/lcd/liblcd.a(lcd.c.o)
                0x0000000010008e6c                lcd_module_init
 .text.lcd_set_brightness
                0x0000000010008f80       0x3c lib/lcd/liblcd.a(lcd.c.o)
                0x0000000010008f80                lcd_set_brightness
 .text.lcd_init_reg
                0x0000000010008fbc      0xbd4 lib/lcd/liblcd.a(lcd.c.o)
                0x0000000010008fbc                lcd_init_reg
 .text.lcd_init
                0x0000000010009b90       0x8c lib/lcd/liblcd.a(lcd.c.o)
                0x0000000010009b90                lcd_init
 .text.lcd_setwin
                0x0000000010009c1c       0xe8 lib/lcd/liblcd.a(lcd.c.o)
                0x0000000010009c1c                lcd_setwin
 .text.lcd_display
                0x0000000010009d04       0xe4 lib/lcd/liblcd.a(lcd.c.o)
                0x0000000010009d04                lcd_display
 .text.lcd_setimg
                0x0000000010009de8        0xc lib/lcd/liblcd.a(lcd.c.o)
                0x0000000010009de8                lcd_setimg
 .text.lcd_blit
                0x0000000010009df4       0x60 lib/lcd/liblcd.a(lcd.c.o)
                0x0000000010009df4                lcd_blit
 .text.lcd_line
                0x0000000010009e54      0x1ec lib/lcd/liblcd.a(lcd.c.o)
                0x0000000010009e54                lcd_line
 .text.lcd_stringm
                0x000000001000a040      0x254 lib/lcd/liblcd.a(lcd.c.o)
                0x000000001000a040                lcd_stringm
 .text.lcd_stringmo
                0x000000001000a294      0x508 lib/lcd/liblcd.a(lcd.c.o)
                0x000000001000a294                lcd_stringmo
 .text.lcd_number
                0x000000001000a79c       0x4c lib/lcd/liblcd.a(lcd.c.o)
                0x000000001000a79c                lcd_number
 .text.lcd_circle
                0x000000001000a7e8      0x950 lib/lcd/liblcd.a(lcd.c.o)
                0x000000001000a7e8                lcd_circle
 .text.lcd_xline
                0x000000001000b138       0x50 lib/lcd/liblcd.a(lcd.c.o)
                0x000000001000b138                lcd_xline
 .text.lcd_yline
                0x000000001000b188      0x120 lib/lcd/liblcd.a(lcd.c.o)
                0x000000001000b188                lcd_yline
 .text.lcd_frame
                0x000000001000b2a8      0x2b4 lib/lcd/liblcd.a(lcd.c.o)
                0x000000001000b2a8                lcd_frame
 .text.gvdl     0x000000001000b55c       0x64 lib/lcd/liblcd.a(lcd.c.o)
                0x000000001000b55c                gvdl
 .text.QMI8658_config_acc
                0x000000001000b5c0       0xf4 lib/QMI8658/libQMI8658.a(QMI8658.c.o)
                0x000000001000b5c0                QMI8658_config_acc
 .text.QMI8658_config_gyro
                0x000000001000b6b4      0x154 lib/QMI8658/libQMI8658.a(QMI8658.c.o)
                0x000000001000b6b4                QMI8658_config_gyro
 .text.QMI8658_init
                0x000000001000b808      0x2e0 lib/QMI8658/libQMI8658.a(QMI8658.c.o)
                0x000000001000b808                QMI8658_init
 .text.malloc   0x000000001000bae8       0x14 /Applications/ARM/bin/../lib/gcc/arm-none-eabi/10.3.1/../../../../arm-none-eabi/lib/thumb/v6-m/nofp/libg.a(lib_a-malloc.o)
                0x000000001000bae8                malloc
 .text.free     0x000000001000bafc       0x14 /Applications/ARM/bin/../lib/gcc/arm-none-eabi/10.3.1/../../../../arm-none-eabi/lib/thumb/v6-m/nofp/libg.a(lib_a-malloc.o)
                0x000000001000bafc                free
 .text._malloc_r
                0x000000001000bb10      0x584 /Applications/ARM/bin/../lib/gcc/arm-none-eabi/10.3.1/../../../../arm-none-eabi/lib/thumb/v6-m/nofp/libg.a(lib_a-mallocr.o)
                0x000000001000bb10                _malloc_r
 .text.__malloc_lock
                0x000000001000c094       0x10 /Applications/ARM/bin/../lib/gcc/arm-none-eabi/10.3.1/../../../../arm-none-eabi/lib/thumb/v6-m/nofp/libg.a(lib_a-mlock.o)
                0x000000001000c094                __malloc_lock
 .text.__malloc_unlock
                0x000000001000c0a4       0x10 /Applications/ARM/bin/../lib/gcc/arm-none-eabi/10.3.1/../../../../arm-none-eabi/lib/thumb/v6-m/nofp/libg.a(lib_a-mlock.o)
                0x000000001000c0a4                __malloc_unlock
 .text._sbrk_r  0x000000001000c0b4       0x24 /Applications/ARM/bin/../lib/gcc/arm-none-eabi/10.3.1/../../../../arm-none-eabi/lib/thumb/v6-m/nofp/libg.a(lib_a-sbrkr.o)
                0x000000001000c0b4                _sbrk_r
 .text.strlen   0x000000001000c0d8       0x5c /Applications/ARM/bin/../lib/gcc/arm-none-eabi/10.3.1/../../../../arm-none-eabi/lib/thumb/v6-m/nofp/libg.a(lib_a-strlen-stub.o)
                0x000000001000c0d8                strlen
 .text._malloc_trim_r
                0x000000001000c134       0x9c /Applications/ARM/bin/../lib/gcc/arm-none-eabi/10.3.1/../../../../arm-none-eabi/lib/thumb/v6-m/nofp/libg.a(lib_a-freer.o)
                0x000000001000c134                _malloc_trim_r
 .text._free_r  0x000000001000c1d0      0x1c4 /Applications/ARM/bin/../lib/gcc/arm-none-eabi/10.3.1/../../../../arm-none-eabi/lib/thumb/v6-m/nofp/libg.a(lib_a-freer.o)
                0x000000001000c1d0                _free_r
 .text.__retarget_lock_acquire_recursive
                0x000000001000c394        0x4 /Applications/ARM/bin/../lib/gcc/arm-none-eabi/10.3.1/../../../../arm-none-eabi/lib/thumb/v6-m/nofp/libg.a(lib_a-lock.o)
                0x000000001000c394                __retarget_lock_acquire_recursive
 .text.__retarget_lock_release_recursive
                0x000000001000c398        0x4 /Applications/ARM/bin/../lib/gcc/arm-none-eabi/10.3.1/../../../../arm-none-eabi/lib/thumb/v6-m/nofp/libg.a(lib_a-lock.o)
                0x000000001000c398                __retarget_lock_release_recursive
 *(.fini)
 .fini          0x000000001000c39c        0x4 /Applications/ARM/bin/../lib/gcc/arm-none-eabi/10.3.1/thumb/v6-m/nofp/crti.o
                0x000000001000c39c                _fini
 .fini.__stub   0x000000001000c3a0       0xe0 linker stubs
 *crtbegin.o(.ctors)
 *crtbegin?.o(.ctors)
 *(EXCLUDE_FILE(*crtend.o *crtend?.o) .ctors)
 *(SORT_BY_NAME(.ctors.*))
 *(.ctors)
 *crtbegin.o(.dtors)
 *crtbegin?.o(.dtors)
 *(EXCLUDE_FILE(*crtend.o *crtend?.o) .dtors)
 *(SORT_BY_NAME(.dtors.*))
 *(.dtors)
                0x000000001000c480                . = ALIGN (0x4)
                0x000000001000c480                PROVIDE (__preinit_array_start = .)
 *(SORT_BY_NAME(.preinit_array.*))
 .preinit_array.00100
                0x000000001000c480        0x4 CMakeFiles/main_gearbox_t_demo.dir/Users/hfritsch/sdk/pico-sdk/src/rp2_common/pico_runtime_init/runtime_init.c.o
                0x000000001000c480                __pre_init_runtime_init_early_resets
 .preinit_array.00101
                0x000000001000c484        0x4 CMakeFiles/main_gearbox_t_demo.dir/Users/hfritsch/sdk/pico-sdk/src/rp2_common/pico_runtime_init/runtime_init.c.o
                0x000000001000c484                __pre_init_runtime_init_usb_power_down
 .preinit_array.00275
                0x000000001000c488        0x4 CMakeFiles/main_gearbox_t_demo.dir/Users/hfritsch/sdk/pico-sdk/src/rp2_common/pico_bit_ops/bit_ops_aeabi.S.o
 .preinit_array.00300
                0x000000001000c48c        0x4 CMakeFiles/main_gearbox_t_demo.dir/Users/hfritsch/sdk/pico-sdk/src/rp2_common/pico_mem_ops/mem_ops_aeabi.S.o
 .preinit_array.00350
                0x000000001000c490        0x4 CMakeFiles/main_gearbox_t_demo.dir/Users/hfritsch/sdk/pico-sdk/src/rp2_common/pico_double/double_aeabi_rp2040.S.o
 .preinit_array.00350
                0x000000001000c494        0x4 CMakeFiles/main_gearbox_t_demo.dir/Users/hfritsch/sdk/pico-sdk/src/rp2_common/pico_float/float_aeabi_rp2040.S.o
 .preinit_array.00500
                0x000000001000c498        0x4 CMakeFiles/main_gearbox_t_demo.dir/Users/hfritsch/sdk/pico-sdk/src/rp2_common/pico_runtime_init/runtime_init.c.o
                0x000000001000c498                __pre_init_runtime_init_clocks
 .preinit_array.00600
                0x000000001000c49c        0x4 CMakeFiles/main_gearbox_t_demo.dir/Users/hfritsch/sdk/pico-sdk/src/rp2_common/pico_runtime_init/runtime_init.c.o
                0x000000001000c49c                __pre_init_runtime_init_post_clock_resets
 .preinit_array.00700
                0x000000001000c4a0        0x4 CMakeFiles/main_gearbox_t_demo.dir/Users/hfritsch/sdk/pico-sdk/src/rp2_common/pico_runtime_init/runtime_init.c.o
                0x000000001000c4a0                __pre_init_runtime_init_rp2040_gpio_ie_disable
 .preinit_array.01000
                0x000000001000c4a4        0x4 CMakeFiles/main_gearbox_t_demo.dir/Users/hfritsch/sdk/pico-sdk/src/rp2_common/pico_runtime_init/runtime_init.c.o
                0x000000001000c4a4                __pre_init_runtime_init_spin_locks_reset
 .preinit_array.01100
                0x000000001000c4a8        0x4 CMakeFiles/main_gearbox_t_demo.dir/Users/hfritsch/sdk/pico-sdk/src/common/pico_sync/mutex.c.o
                0x000000001000c4a8                __pre_init_runtime_init_mutex
 .preinit_array.10080
                0x000000001000c4ac        0x4 CMakeFiles/main_gearbox_t_demo.dir/Users/hfritsch/sdk/pico-sdk/src/rp2_common/pico_runtime_init/runtime_init.c.o
                0x000000001000c4ac                __pre_init_runtime_init_install_ram_vector_table
 .preinit_array.11000
                0x000000001000c4b0        0x4 CMakeFiles/main_gearbox_t_demo.dir/Users/hfritsch/sdk/pico-sdk/src/common/pico_time/time.c.o
                0x000000001000c4b0                __pre_init_runtime_init_default_alarm_pool
 .preinit_array.YYYYY
                0x000000001000c4b4        0x4 CMakeFiles/main_gearbox_t_demo.dir/Users/hfritsch/sdk/pico-sdk/src/rp2_common/pico_runtime/runtime.c.o
                0x000000001000c4b4                __pre_init_first_per_core_initializer
 .preinit_array.ZZZZZ.01200
                0x000000001000c4b8        0x4 CMakeFiles/main_gearbox_t_demo.dir/Users/hfritsch/sdk/pico-sdk/src/rp2_common/hardware_irq/irq.c.o
                0x000000001000c4b8                __pre_init_runtime_init_per_core_irq_priorities
 *(.preinit_array)
                0x000000001000c4bc                PROVIDE (__preinit_array_end = .)
                0x000000001000c4bc                . = ALIGN (0x4)
                0x000000001000c4bc                PROVIDE (__init_array_start = .)
 *(SORT_BY_NAME(.init_array.*))
 .init_array.01000
                0x000000001000c4bc        0x4 CMakeFiles/main_gearbox_t_demo.dir/Users/hfritsch/sdk/pico-sdk/src/rp2_common/pico_unique_id/unique_id.c.o
 *(.init_array)
 .init_array    0x000000001000c4c0        0x4 /Applications/ARM/bin/../lib/gcc/arm-none-eabi/10.3.1/thumb/v6-m/nofp/crtbegin.o
 .init_array    0x000000001000c4c4        0x4 CMakeFiles/main_gearbox_t_demo.dir/Users/hfritsch/sdk/pico-sdk/src/rp2_common/pico_bootsel_via_double_reset/pico_bootsel_via_double_reset.c.o
                0x000000001000c4c8                PROVIDE (__init_array_end = .)
                0x000000001000c4c8                . = ALIGN (0x4)
                [!provide]                        PROVIDE (__fini_array_start = .)
 *(SORT_BY_NAME(.fini_array.*))
 *(.fini_array)
                [!provide]                        PROVIDE (__fini_array_end = .)
 *(.eh_frame*)
 .eh_frame      0x000000001000c4c8        0x0 /Applications/ARM/bin/../lib/gcc/arm-none-eabi/10.3.1/thumb/v6-m/nofp/crtbegin.o
                0x000000001000c4c8                . = ALIGN (0x4)

.glue_7         0x000000001000c4c8        0x0
 .glue_7        0x000000001000c4c8        0x0 linker stubs

.glue_7t        0x000000001000c4c8        0x0
 .glue_7t       0x000000001000c4c8        0x0 linker stubs

.vfp11_veneer   0x000000001000c4c8        0x0
 .vfp11_veneer  0x000000001000c4c8        0x0 linker stubs

.v4_bx          0x000000001000c4c8        0x0
 .v4_bx         0x000000001000c4c8        0x0 linker stubs

.iplt           0x000000001000c4c8        0x0
 .iplt          0x000000001000c4c8        0x0 /Applications/ARM/bin/../lib/gcc/arm-none-eabi/10.3.1/thumb/v6-m/nofp/crtbegin.o

.rodata         0x000000001000c4c8    0x39988
 *(EXCLUDE_FILE(*libm.a: *libc.a:*lib_a-mem*.o *libgcc.a:) .rodata*)
 .rodata.main.str1.4
                0x000000001000c4c8       0x6d CMakeFiles/main_gearbox_t_demo.dir/main.c.o
 *fill*         0x000000001000c535        0x3 
 .rodata.board_i2c_scan.str1.4
                0x000000001000c538       0x56 CMakeFiles/main_gearbox_t_demo.dir/board.c.o
                                         0x5a (size before relaxing)
 *fill*         0x000000001000c58e        0x2 
 .rodata.gauge_init_display.str1.4
                0x000000001000c590        0x7 CMakeFiles/main_gearbox_t_demo.dir/gauge.c.o
 *fill*         0x000000001000c597        0x1 
 .rodata.Font16_Table
                0x000000001000c598      0xbe0 CMakeFiles/main_gearbox_t_demo.dir/gauge.c.o
                0x000000001000c598                Font16_Table
 .rodata.needle_pivot
                0x000000001000d178        0x4 CMakeFiles/main_gearbox_t_demo.dir/gauge.c.o
 .rodata.str1.4
                0x000000001000d17c        0xa CMakeFiles/main_gearbox_t_demo.dir/variant.c.o
 *fill*         0x000000001000d186        0x2 
 .rodata.bg_gearbox_temp
                0x000000001000d188    0x1c200 CMakeFiles/main_gearbox_t_demo.dir/variant.c.o
                0x000000001000d188                bg_gearbox_temp
 .rodata.bg_gearbox_temp_dark
                0x0000000010029388    0x1c200 CMakeFiles/main_gearbox_t_demo.dir/variant.c.o
                0x0000000010029388                bg_gearbox_temp_dark
 .rodata.gauge_variant
                0x0000000010045588       0x1c CMakeFiles/main_gearbox_t_demo.dir/variant.c.o
                0x0000000010045588                gauge_variant
 .rodata.wadd.part.0.str1.4
                0x00000000100455a4       0x11 CMakeFiles/main_gearbox_t_demo.dir/w.c.o
 *fill*         0x00000000100455b5        0x3 
 .rodata.wspinner_draw.str1.4
                0x00000000100455b8       0x25 CMakeFiles/main_gearbox_t_demo.dir/w.c.o
 *fill*         0x00000000100455dd        0x3 
 .rodata.wspinner_draw_h.str1.4
                0x00000000100455e0       0x16 CMakeFiles/main_gearbox_t_demo.dir/w.c.o
 *fill*         0x00000000100455f6        0x2 
 .rodata.CST816S_init.str1.4
                0x00000000100455f8       0x1e CMakeFiles/main_gearbox_t_demo.dir/CST816S.c.o
 *fill*         0x0000000010045616        0x2 
 .rodata.panic.str1.4
                0x0000000010045618       0x10 CMakeFiles/main_gearbox_t_demo.dir/Users/hfritsch/sdk/pico-sdk/src/rp2_common/pico_platform_panic/panic.c.o
                                         0x12 (size before relaxing)
 .rodata.spin_lock_claim_unused.str1.4
                0x0000000010045628       0x1b CMakeFiles/main_gearbox_t_demo.dir/Users/hfritsch/sdk/pico-sdk/src/rp2_common/hardware_sync/sync.c.o
 *fill*         0x0000000010045643        0x1 
 .rodata.user_irq_claim_unused.str1.4
                0x0000000010045644       0x1b CMakeFiles/main_gearbox_t_demo.dir/Users/hfritsch/sdk/pico-sdk/src/rp2_common/hardware_irq/irq.c.o
 *fill*         0x000000001004565f        0x1 
 .rodata.timer_hardware_alarm_claim.str1.4
                0x0000000010045660       0x22 CMakeFiles/main_gearbox_t_demo.dir/Users/hfritsch/sdk/pico-sdk/src/rp2_common/hardware_timer/timer.c.o
 *fill*         0x0000000010045682        0x2 
 .rodata.hard_assertion_failure.str1.4
                0x0000000010045684        0xc CMakeFiles/main_gearbox_t_demo.dir/Users/hfritsch/sdk/pico-sdk/src/rp2_common/pico_runtime/runtime.c.o
 .rodata.__wrap_malloc.str1.4
                0x0000000010045690        0xe CMakeFiles/main_gearbox_t_demo.dir/Users/hfritsch/sdk/pico-sdk/src/rp2_common/pico_malloc/malloc.c.o
 *fill*         0x000000001004569e        0x2 
 .rodata.str1.4
                0x00000000100456a0       0x48 CMakeFiles/main_gearbox_t_demo.dir/Users/hfritsch/sdk/pico-sdk/src/rp2_common/pico_standard_binary_info/standard_binary_info.c.o
 .rodata.__bi_26
                0x00000000100456e8        0xc CMakeFiles/main_gearbox_t_demo.dir/Users/hfritsch/sdk/pico-sdk/src/rp2_common/pico_standard_binary_info/standard_binary_info.c.o
 .rodata.__bi_34
                0x00000000100456f4        0xc CMakeFiles/main_gearbox_t_demo.dir/Users/hfritsch/sdk/pico-sdk/src/rp2_common/pico_standard_binary_info/standard_binary_info.c.o
 .rodata.__bi_42
                0x0000000010045700        0xc CMakeFiles/main_gearbox_t_demo.dir/Users/hfritsch/sdk/pico-sdk/src/rp2_common/pico_standard_binary_info/standard_binary_info.c.o
 .rodata.__bi_48
                0x000000001004570c        0xc CMakeFiles/main_gearbox_t_demo.dir/Users/hfritsch/sdk/pico-sdk/src/rp2_common/pico_standard_binary_info/standard_binary_info.c.o
 .rodata.__bi_54
                0x0000000010045718        0xc CMakeFiles/main_gearbox_t_demo.dir/Users/hfritsch/sdk/pico-sdk/src/rp2_common/pico_standard_binary_info/standard_binary_info.c.o
 .rodata.__bi_78
                0x0000000010045724        0xc CMakeFiles/main_gearbox_t_demo.dir/Users/hfritsch/sdk/pico-sdk/src/rp2_common/pico_standard_binary_info/standard_binary_info.c.o
 .rodata.__bi_84
                0x0000000010045730        0xc CMakeFiles/main_gearbox_t_demo.dir/Users/hfritsch/sdk/pico-sdk/src/rp2_common/pico_standard_binary_info/standard_binary_info.c.o
 .rodata._ftoa.str1.4
                0x000000001004573c       0x15 CMakeFiles/main_gearbox_t_demo.dir/Users/hfritsch/sdk/pico-sdk/src/rp2_common/pico_printf/printf.c.o
 *fill*         0x0000000010045751        0x3 
 .rodata._vsnprintf
                0x0000000010045754      0x1e0 CMakeFiles/main_gearbox_t_demo.dir/Users/hfritsch/sdk/pico-sdk/src/rp2_common/pico_printf/printf.c.o
 *fill*         0x0000000010045934        0x4 
 .rodata.pow10.0
                0x0000000010045938       0x50 CMakeFiles/main_gearbox_t_demo.dir/Users/hfritsch/sdk/pico-sdk/src/rp2_common/pico_printf/printf.c.o
 .rodata.crlf_str.0
                0x0000000010045988        0x2 CMakeFiles/main_gearbox_t_demo.dir/Users/hfritsch/sdk/pico-sdk/src/rp2_common/pico_stdio/stdio.c.o
 *fill*         0x000000001004598a        0x2 
 .rodata._resetd_driver
                0x000000001004598c       0x20 CMakeFiles/main_gearbox_t_demo.dir/Users/hfritsch/sdk/pico-sdk/src/rp2_common/pico_stdio_usb/reset_interface.c.o
 .rodata.desc_bos
                0x00000000100459ac       0x21 CMakeFiles/main_gearbox_t_demo.dir/Users/hfritsch/sdk/pico-sdk/src/rp2_common/pico_stdio_usb/reset_interface.c.o
                0x00000000100459ac                desc_bos
 *fill*         0x00000000100459cd        0x3 
 .rodata.desc_ms_os_20
                0x00000000100459d0       0xa6 CMakeFiles/main_gearbox_t_demo.dir/Users/hfritsch/sdk/pico-sdk/src/rp2_common/pico_stdio_usb/reset_interface.c.o
 *fill*         0x0000000010045a76        0x2 
 .rodata.str1.4
                0x0000000010045a78       0x13 CMakeFiles/main_gearbox_t_demo.dir/Users/hfritsch/sdk/pico-sdk/src/rp2_common/pico_stdio_usb/stdio_usb.c.o
 *fill*         0x0000000010045a8b        0x1 
 .rodata.__bi_202.0
                0x0000000010045a8c        0xc CMakeFiles/main_gearbox_t_demo.dir/Users/hfritsch/sdk/pico-sdk/src/rp2_common/pico_stdio_usb/stdio_usb.c.o
 .rodata.str1.4
                0x0000000010045a98       0x2a CMakeFiles/main_gearbox_t_demo.dir/Users/hfritsch/sdk/pico-sdk/src/rp2_common/pico_stdio_usb/stdio_usb_descriptors.c.o
 *fill*         0x0000000010045ac2        0x2 
 .rodata.usbd_desc_cfg
                0x0000000010045ac4       0x54 CMakeFiles/main_gearbox_t_demo.dir/Users/hfritsch/sdk/pico-sdk/src/rp2_common/pico_stdio_usb/stdio_usb_descriptors.c.o
 .rodata.usbd_desc_device
                0x0000000010045b18       0x12 CMakeFiles/main_gearbox_t_demo.dir/Users/hfritsch/sdk/pico-sdk/src/rp2_common/pico_stdio_usb/stdio_usb_descriptors.c.o
 *fill*         0x0000000010045b2a        0x2 
 .rodata.usbd_desc_str
                0x0000000010045b2c       0x18 CMakeFiles/main_gearbox_t_demo.dir/Users/hfritsch/sdk/pico-sdk/src/rp2_common/pico_stdio_usb/stdio_usb_descriptors.c.o
 .rodata.str1.4
                0x0000000010045b44       0x14 CMakeFiles/main_gearbox_t_demo.dir/Users/hfritsch/sdk/pico-sdk/lib/tinyusb/src/portable/raspberrypi/rp2040/dcd_rp2040.c.o
 .rodata.str1.4
                0x0000000010045b58       0x48 CMakeFiles/main_gearbox_t_demo.dir/Users/hfritsch/sdk/pico-sdk/lib/tinyusb/src/portable/raspberrypi/rp2040/rp2040_usb.c.o
 .rodata.tud_task_ext
                0x0000000010045ba0       0x8c CMakeFiles/main_gearbox_t_demo.dir/Users/hfritsch/sdk/pico-sdk/lib/tinyusb/src/device/usbd.c.o
 .rodata        0x0000000010045c2c       0x1c CMakeFiles/main_gearbox_t_demo.dir/Users/hfritsch/sdk/pico-sdk/lib/tinyusb/src/device/usbd.c.o
 .rodata._usbd_driver
                0x0000000010045c48       0x40 CMakeFiles/main_gearbox_t_demo.dir/Users/hfritsch/sdk/pico-sdk/lib/tinyusb/src/device/usbd.c.o
 .rodata.dma_claim_unused_channel.str1.4
                0x0000000010045c88       0x1e CMakeFiles/main_gearbox_t_demo.dir/Users/hfritsch/sdk/pico-sdk/src/rp2_common/hardware_dma/dma.c.o
 *fill*         0x0000000010045ca6        0x2 
 .rodata.str1.4
                0x0000000010045ca8       0x18 CMakeFiles/main_gearbox_t_demo.dir/Users/hfritsch/sdk/pico-sdk/src/rp2_common/pico_bootsel_via_double_reset/pico_bootsel_via_double_reset.c.o
 .rodata.__bi_50
                0x0000000010045cc0        0xc CMakeFiles/main_gearbox_t_demo.dir/Users/hfritsch/sdk/pico-sdk/src/rp2_common/pico_bootsel_via_double_reset/pico_bootsel_via_double_reset.c.o
 .rodata.lcd_module_init.str1.4
                0x0000000010045ccc       0x25 lib/lcd/liblcd.a(lcd.c.o)
 *fill*         0x0000000010045cf1        0x3 
 .rodata.lcd_init.str1.4
                0x0000000010045cf4        0xf lib/lcd/liblcd.a(lcd.c.o)
 *fill*         0x0000000010045d03        0x1 
 .rodata.lcd_display.str1.4
                0x0000000010045d04        0xf lib/lcd/liblcd.a(lcd.c.o)